nodes
| sqlinjection.js:7:34:7:36 | req |
| sqlinjection.js:7:34:7:36 | req |
| sqlinjection.js:8:13:8:30 | { book, quantity } |
| sqlinjection.js:8:13:8:41 | book |
| sqlinjection.js:8:15:8:18 | book |
| sqlinjection.js:8:34:8:36 | req |
| sqlinjection.js:8:34:8:41 | req.data |
| sqlinjection.js:12:11:12:56 | query |
| sqlinjection.js:12:19:12:56 | SELECT. ... book}`) |
| sqlinjection.js:12:44:12:55 | `ID=${book}` |
| sqlinjection.js:12:50:12:53 | book |
| sqlinjection.js:13:36:13:40 | query |
| sqlinjection.js:13:36:13:40 | query |
| sqlinjection.js:15:27:15:64 | SELECT. ... book}`) |
| sqlinjection.js:15:27:15:64 | SELECT. ... book}`) |
| sqlinjection.js:15:52:15:63 | `ID=${book}` |
| sqlinjection.js:15:58:15:61 | book |
| sqlinjection.js:17:11:17:57 | query2 |
| sqlinjection.js:17:20:17:57 | SELECT. ... + book) |
| sqlinjection.js:17:45:17:56 | 'ID=' + book |
| sqlinjection.js:17:53:17:56 | book |
| sqlinjection.js:18:37:18:42 | query2 |
| sqlinjection.js:18:37:18:42 | query2 |
| sqlinjection.js:20:27:20:64 | SELECT. ... + book) |
| sqlinjection.js:20:27:20:64 | SELECT. ... + book) |
| sqlinjection.js:20:52:20:63 | 'ID=' + book |
| sqlinjection.js:20:60:20:63 | book |
| sqlinjection.js:27:11:27:62 | cqn |
| sqlinjection.js:27:17:27:62 | CQL`SEL ...  + book |
| sqlinjection.js:27:59:27:62 | book |
| sqlinjection.js:28:39:28:41 | cqn |
| sqlinjection.js:28:39:28:41 | cqn |
| sqlinjection.js:30:11:30:60 | cqn1 |
| sqlinjection.js:30:18:30:60 | cds.par ... + book) |
| sqlinjection.js:30:32:30:59 | `SELECT ...  + book |
| sqlinjection.js:30:56:30:59 | book |
| sqlinjection.js:31:39:31:42 | cqn1 |
| sqlinjection.js:31:39:31:42 | cqn1 |
edges
| sqlinjection.js:7:34:7:36 | req | sqlinjection.js:8:34:8:36 | req |
| sqlinjection.js:7:34:7:36 | req | sqlinjection.js:8:34:8:36 | req |
| sqlinjection.js:8:13:8:30 | { book, quantity } | sqlinjection.js:8:15:8:18 | book |
| sqlinjection.js:8:13:8:41 | book | sqlinjection.js:12:50:12:53 | book |
| sqlinjection.js:8:13:8:41 | book | sqlinjection.js:15:58:15:61 | book |
| sqlinjection.js:8:13:8:41 | book | sqlinjection.js:17:53:17:56 | book |
| sqlinjection.js:8:13:8:41 | book | sqlinjection.js:20:60:20:63 | book |
| sqlinjection.js:8:13:8:41 | book | sqlinjection.js:27:59:27:62 | book |
| sqlinjection.js:8:13:8:41 | book | sqlinjection.js:30:56:30:59 | book |
| sqlinjection.js:8:15:8:18 | book | sqlinjection.js:8:13:8:41 | book |
| sqlinjection.js:8:34:8:36 | req | sqlinjection.js:8:34:8:41 | req.data |
| sqlinjection.js:8:34:8:41 | req.data | sqlinjection.js:8:13:8:30 | { book, quantity } |
| sqlinjection.js:12:11:12:56 | query | sqlinjection.js:13:36:13:40 | query |
| sqlinjection.js:12:11:12:56 | query | sqlinjection.js:13:36:13:40 | query |
| sqlinjection.js:12:19:12:56 | SELECT. ... book}`) | sqlinjection.js:12:11:12:56 | query |
| sqlinjection.js:12:44:12:55 | `ID=${book}` | sqlinjection.js:12:19:12:56 | SELECT. ... book}`) |
| sqlinjection.js:12:50:12:53 | book | sqlinjection.js:12:44:12:55 | `ID=${book}` |
| sqlinjection.js:15:52:15:63 | `ID=${book}` | sqlinjection.js:15:27:15:64 | SELECT. ... book}`) |
| sqlinjection.js:15:52:15:63 | `ID=${book}` | sqlinjection.js:15:27:15:64 | SELECT. ... book}`) |
| sqlinjection.js:15:58:15:61 | book | sqlinjection.js:15:52:15:63 | `ID=${book}` |
| sqlinjection.js:17:11:17:57 | query2 | sqlinjection.js:18:37:18:42 | query2 |
| sqlinjection.js:17:11:17:57 | query2 | sqlinjection.js:18:37:18:42 | query2 |
| sqlinjection.js:17:20:17:57 | SELECT. ... + book) | sqlinjection.js:17:11:17:57 | query2 |
| sqlinjection.js:17:45:17:56 | 'ID=' + book | sqlinjection.js:17:20:17:57 | SELECT. ... + book) |
| sqlinjection.js:17:53:17:56 | book | sqlinjection.js:17:45:17:56 | 'ID=' + book |
| sqlinjection.js:20:52:20:63 | 'ID=' + book | sqlinjection.js:20:27:20:64 | SELECT. ... + book) |
| sqlinjection.js:20:52:20:63 | 'ID=' + book | sqlinjection.js:20:27:20:64 | SELECT. ... + book) |
| sqlinjection.js:20:60:20:63 | book | sqlinjection.js:20:52:20:63 | 'ID=' + book |
| sqlinjection.js:27:11:27:62 | cqn | sqlinjection.js:28:39:28:41 | cqn |
| sqlinjection.js:27:11:27:62 | cqn | sqlinjection.js:28:39:28:41 | cqn |
| sqlinjection.js:27:17:27:62 | CQL`SEL ...  + book | sqlinjection.js:27:11:27:62 | cqn |
| sqlinjection.js:27:59:27:62 | book | sqlinjection.js:27:17:27:62 | CQL`SEL ...  + book |
| sqlinjection.js:30:11:30:60 | cqn1 | sqlinjection.js:31:39:31:42 | cqn1 |
| sqlinjection.js:30:11:30:60 | cqn1 | sqlinjection.js:31:39:31:42 | cqn1 |
| sqlinjection.js:30:18:30:60 | cds.par ... + book) | sqlinjection.js:30:11:30:60 | cqn1 |
| sqlinjection.js:30:32:30:59 | `SELECT ...  + book | sqlinjection.js:30:18:30:60 | cds.par ... + book) |
| sqlinjection.js:30:56:30:59 | book | sqlinjection.js:30:32:30:59 | `SELECT ...  + book |
#select
| sqlinjection.js:13:36:13:40 | query | sqlinjection.js:7:34:7:36 | req | sqlinjection.js:13:36:13:40 | query | This query depends on a $@. | sqlinjection.js:7:34:7:36 | req | user-provided value |
| sqlinjection.js:15:27:15:64 | SELECT. ... book}`) | sqlinjection.js:7:34:7:36 | req | sqlinjection.js:15:27:15:64 | SELECT. ... book}`) | This query depends on a $@. | sqlinjection.js:7:34:7:36 | req | user-provided value |
| sqlinjection.js:18:37:18:42 | query2 | sqlinjection.js:7:34:7:36 | req | sqlinjection.js:18:37:18:42 | query2 | This query depends on a $@. | sqlinjection.js:7:34:7:36 | req | user-provided value |
| sqlinjection.js:20:27:20:64 | SELECT. ... + book) | sqlinjection.js:7:34:7:36 | req | sqlinjection.js:20:27:20:64 | SELECT. ... + book) | This query depends on a $@. | sqlinjection.js:7:34:7:36 | req | user-provided value |
| sqlinjection.js:28:39:28:41 | cqn | sqlinjection.js:7:34:7:36 | req | sqlinjection.js:28:39:28:41 | cqn | This query depends on a $@. | sqlinjection.js:7:34:7:36 | req | user-provided value |
| sqlinjection.js:31:39:31:42 | cqn1 | sqlinjection.js:7:34:7:36 | req | sqlinjection.js:31:39:31:42 | cqn1 | This query depends on a $@. | sqlinjection.js:7:34:7:36 | req | user-provided value |
