| sink.js:20:38:20:42 | code0 | code0 |
| sink.js:20:45:20:49 | code1 | code1 |
| sink.js:20:52:20:56 | code2 | code2 |
| sink.js:21:38:21:42 | code0 | code0 |
| sink.js:21:45:21:49 | code1 | code1 |
| sink.js:21:52:21:56 | code2 | code2 |
| sink.js:23:40:23:44 | code0 | code0 |
| sink.js:23:47:23:51 | code1 | code1 |
| sink.js:23:54:23:58 | code2 | code2 |
| sink.js:25:37:25:41 | code0 | code0 |
| sink.js:25:44:25:48 | code1 | code1 |
| sink.js:25:51:25:55 | code2 | code2 |
| sink.js:27:38:27:42 | code0 | code0 |
| sink.js:27:45:27:49 | code1 | code1 |
| sink.js:27:52:27:56 | code2 | code2 |
| sink.js:29:38:29:42 | code0 | code0 |
| sink.js:29:45:29:49 | code1 | code1 |
| sink.js:29:52:29:56 | code2 | code2 |
| sink.js:33:27:33:31 | code0 | code0 |
| sink.js:33:34:33:38 | code1 | code1 |
| sink.js:33:41:33:45 | code2 | code2 |
| sink.js:35:27:35:31 | code0 | code0 |
| sink.js:35:34:35:38 | code1 | code1 |
| sink.js:35:41:35:45 | code2 | code2 |
| sink.js:37:29:37:33 | code0 | code0 |
| sink.js:37:36:37:40 | code1 | code1 |
| sink.js:37:43:37:47 | code2 | code2 |
| sink.js:39:26:39:30 | code0 | code0 |
| sink.js:39:33:39:37 | code1 | code1 |
| sink.js:39:40:39:44 | code2 | code2 |
| sink.js:41:27:41:31 | code0 | code0 |
| sink.js:41:34:41:38 | code1 | code1 |
| sink.js:41:41:41:45 | code2 | code2 |
| sink.js:43:27:43:31 | code0 | code0 |
| sink.js:43:34:43:38 | code1 | code1 |
| sink.js:43:41:43:45 | code2 | code2 |
| sink.js:45:42:45:46 | code1 | code1 |
| sink.js:74:36:74:40 | code0 | code0 |
| sink.js:74:43:74:47 | code1 | code1 |
| sink.js:74:50:74:54 | code2 | code2 |
| sink.js:75:36:75:40 | code0 | code0 |
| sink.js:75:43:75:47 | code1 | code1 |
| sink.js:75:50:75:54 | code2 | code2 |
| sink.js:76:38:76:42 | code0 | code0 |
| sink.js:76:45:76:49 | code1 | code1 |
| sink.js:76:52:76:56 | code2 | code2 |
| sink.js:77:35:77:39 | code0 | code0 |
| sink.js:77:42:77:46 | code1 | code1 |
| sink.js:77:49:77:53 | code2 | code2 |
| sink.js:78:36:78:40 | code0 | code0 |
| sink.js:78:43:78:47 | code1 | code1 |
| sink.js:78:50:78:54 | code2 | code2 |
| sink.js:79:36:79:40 | code0 | code0 |
| sink.js:79:43:79:47 | code1 | code1 |
| sink.js:79:50:79:54 | code2 | code2 |
| sink.js:80:27:80:31 | code0 | code0 |
| sink.js:80:34:80:38 | code1 | code1 |
| sink.js:80:41:80:45 | code2 | code2 |
| sink.js:81:27:81:31 | code0 | code0 |
| sink.js:81:34:81:38 | code1 | code1 |
| sink.js:81:41:81:45 | code2 | code2 |
| sink.js:82:29:82:33 | code0 | code0 |
| sink.js:82:36:82:40 | code1 | code1 |
| sink.js:82:43:82:47 | code2 | code2 |
| sink.js:83:26:83:30 | code0 | code0 |
| sink.js:83:33:83:37 | code1 | code1 |
| sink.js:83:40:83:44 | code2 | code2 |
| sink.js:84:27:84:31 | code0 | code0 |
| sink.js:84:34:84:38 | code1 | code1 |
| sink.js:84:41:84:45 | code2 | code2 |
| sink.js:85:27:85:31 | code0 | code0 |
| sink.js:85:34:85:38 | code1 | code1 |
| sink.js:85:41:85:45 | code2 | code2 |
| sink.js:86:40:86:44 | code1 | code1 |
