WARNING: module 'PathGraph' has been deprecated and may be removed in future (LogInjection.ql:14,8-27)
WARNING: type 'PathNode' has been deprecated and may be removed in future (LogInjection.ql:18,43-61)
WARNING: type 'PathNode' has been deprecated and may be removed in future (LogInjection.ql:18,70-88)
nodes
edges
#select
