| test.js:15:28:15:34 | JavaScript context binding: oInput to "/root" |
| test.js:17:38:17:43 | Late JavaScript property binding: "value" to "name" |
| test.xml:2:5:2:28 | XML property binding: value to {foo} |
| test.xml:3:5:3:29 | XML property binding: value to {/foo} |
| test.xml:4:5:4:34 | XML property binding: value to {model>foo} |
| test.xml:5:5:5:35 | XML property binding: value to {model>/foo} |
| test.xml:6:5:8:29 | XML context binding: binding to {/root} |
| test.xml:6:5:8:29 | XML property binding: value to {foo} |
| test.xml:9:5:9:70 | XML property binding: value to {path : foo, type : "sap.ui.model.type.String"} |
| test.xml:10:5:10:71 | XML property binding: value to {path : /foo, type : "sap.ui.model.type.String"} |
| test.xml:11:5:11:77 | XML property binding: value to {path : model>/foo, type : "sap.ui.model.type.String"} |
| test.xml:12:5:12:76 | XML property binding: value to {path : model>foo, type : "sap.ui.model.type.String"} |
