nodes
| LogInjectionTest.js:6:9:6:13 | value |
| LogInjectionTest.js:6:17:6:50 | jQuery. ... param") |
| LogInjectionTest.js:8:26:8:30 | value |
| LogInjectionTest.js:13:9:13:9 | q |
| LogInjectionTest.js:13:13:13:36 | url.par ... , true) |
| LogInjectionTest.js:13:23:13:29 | req.url |
| LogInjectionTest.js:14:9:14:13 | value |
| LogInjectionTest.js:14:17:14:17 | q |
| LogInjectionTest.js:16:26:16:30 | value |
| LogInjectionTest.js:21:9:21:9 | q |
| LogInjectionTest.js:21:13:21:36 | url.par ... , true) |
| LogInjectionTest.js:21:23:21:29 | req.url |
| LogInjectionTest.js:22:9:22:13 | value |
| LogInjectionTest.js:22:17:22:17 | q |
| LogInjectionTest.js:23:9:23:14 | value1 |
| LogInjectionTest.js:23:18:23:44 | jQuery. ... (value) |
| LogInjectionTest.js:23:39:23:43 | value |
| LogInjectionTest.js:25:26:25:31 | value1 |
edges
| LogInjectionTest.js:6:9:6:13 | value | LogInjectionTest.js:8:26:8:30 | value |
| LogInjectionTest.js:6:17:6:50 | jQuery. ... param") | LogInjectionTest.js:6:9:6:13 | value |
| LogInjectionTest.js:13:9:13:9 | q | LogInjectionTest.js:14:17:14:17 | q |
| LogInjectionTest.js:13:13:13:36 | url.par ... , true) | LogInjectionTest.js:13:9:13:9 | q |
| LogInjectionTest.js:13:23:13:29 | req.url | LogInjectionTest.js:13:13:13:36 | url.par ... , true) |
| LogInjectionTest.js:14:9:14:13 | value | LogInjectionTest.js:16:26:16:30 | value |
| LogInjectionTest.js:14:17:14:17 | q | LogInjectionTest.js:14:9:14:13 | value |
| LogInjectionTest.js:21:9:21:9 | q | LogInjectionTest.js:22:17:22:17 | q |
| LogInjectionTest.js:21:13:21:36 | url.par ... , true) | LogInjectionTest.js:21:9:21:9 | q |
| LogInjectionTest.js:21:23:21:29 | req.url | LogInjectionTest.js:21:13:21:36 | url.par ... , true) |
| LogInjectionTest.js:22:9:22:13 | value | LogInjectionTest.js:23:39:23:43 | value |
| LogInjectionTest.js:22:17:22:17 | q | LogInjectionTest.js:22:9:22:13 | value |
| LogInjectionTest.js:23:9:23:14 | value1 | LogInjectionTest.js:25:26:25:31 | value1 |
| LogInjectionTest.js:23:18:23:44 | jQuery. ... (value) | LogInjectionTest.js:23:9:23:14 | value1 |
| LogInjectionTest.js:23:39:23:43 | value | LogInjectionTest.js:23:18:23:44 | jQuery. ... (value) |
#select
| LogInjectionTest.js:8:26:8:30 | value | LogInjectionTest.js:6:17:6:50 | jQuery. ... param") | LogInjectionTest.js:8:26:8:30 | value | Log entry depends on a $@. | LogInjectionTest.js:6:17:6:50 | jQuery. ... param") | user-provided value |
| LogInjectionTest.js:16:26:16:30 | value | LogInjectionTest.js:13:23:13:29 | req.url | LogInjectionTest.js:16:26:16:30 | value | Log entry depends on a $@. | LogInjectionTest.js:13:23:13:29 | req.url | user-provided value |
| LogInjectionTest.js:25:26:25:31 | value1 | LogInjectionTest.js:21:23:21:29 | req.url | LogInjectionTest.js:25:26:25:31 | value1 | Log entry depends on a $@. | LogInjectionTest.js:21:23:21:29 | req.url | user-provided value |
