nodes
| webapp/control/xss.js:7:23:7:37 | { type: "int" } |
| webapp/control/xss.js:13:38:13:55 | oControl.getText() |
| webapp/controller/app.controller.js:9:17:9:27 | input: null |
| webapp/view/app.view.xml:5:5:7:28 | value={/input} |
| webapp/view/app.view.xml:8:5:8:38 | text={/input} |
edges
| webapp/control/xss.js:7:23:7:37 | { type: "int" } | webapp/control/xss.js:13:38:13:55 | oControl.getText() |
| webapp/control/xss.js:7:23:7:37 | { type: "int" } | webapp/controller/app.controller.js:9:17:9:27 | input: null |
| webapp/controller/app.controller.js:9:17:9:27 | input: null | webapp/control/xss.js:7:23:7:37 | { type: "int" } |
| webapp/controller/app.controller.js:9:17:9:27 | input: null | webapp/view/app.view.xml:5:5:7:28 | value={/input} |
| webapp/controller/app.controller.js:9:17:9:27 | input: null | webapp/view/app.view.xml:8:5:8:38 | text={/input} |
| webapp/view/app.view.xml:5:5:7:28 | value={/input} | webapp/controller/app.controller.js:9:17:9:27 | input: null |
#select
| webapp/control/xss.js:13:38:13:55 | oControl.getText() | webapp/view/app.view.xml:5:5:7:28 | value={/input} | webapp/control/xss.js:13:38:13:55 | oControl.getText() | Log entry depends on a $@. | webapp/view/app.view.xml:5:5:7:28 | value={/input} | user-provided value |
