nodes
| loginjection.js:7:34:7:36 | req |
| loginjection.js:7:34:7:36 | req |
| loginjection.js:7:34:7:36 | req |
| loginjection.js:7:34:7:36 | req |
| loginjection.js:8:13:8:30 | { book, quantity } |
| loginjection.js:8:13:8:30 | { book, quantity } |
| loginjection.js:8:13:8:41 | book |
| loginjection.js:8:13:8:41 | book |
| loginjection.js:8:15:8:18 | book |
| loginjection.js:8:15:8:18 | book |
| loginjection.js:8:34:8:36 | req |
| loginjection.js:8:34:8:36 | req |
| loginjection.js:8:34:8:41 | req.data |
| loginjection.js:8:34:8:41 | req.data |
| loginjection.js:11:16:11:28 | "CAP:" + book |
| loginjection.js:11:16:11:28 | "CAP:" + book |
| loginjection.js:11:25:11:28 | book |
| loginjection.js:12:19:12:35 | "console:" + book |
| loginjection.js:12:19:12:35 | "console:" + book |
| loginjection.js:12:32:12:35 | book |
| loginjection.js:15:24:15:26 | req |
| loginjection.js:15:24:15:26 | req |
| loginjection.js:18:13:18:24 | $ |
| loginjection.js:18:17:18:19 | req |
| loginjection.js:18:17:18:24 | req.data |
| loginjection.js:18:47:18:47 | $ |
| loginjection.js:18:47:18:47 | $ |
| loginjection.js:23:13:23:30 | { book, quantity } |
| loginjection.js:23:13:23:30 | { book, quantity } |
| loginjection.js:23:13:23:53 | book |
| loginjection.js:23:13:23:53 | book |
| loginjection.js:23:15:23:18 | book |
| loginjection.js:23:15:23:18 | book |
| loginjection.js:23:34:23:53 | req2.params.category |
| loginjection.js:23:34:23:53 | req2.params.category |
| loginjection.js:23:34:23:53 | req2.params.category |
| loginjection.js:23:34:23:53 | req2.params.category |
| loginjection.js:25:16:25:28 | "CAP:" + book |
| loginjection.js:25:16:25:28 | "CAP:" + book |
| loginjection.js:25:25:25:28 | book |
| loginjection.js:26:19:26:35 | "console:" + book |
| loginjection.js:26:19:26:35 | "console:" + book |
| loginjection.js:26:32:26:35 | book |
edges
| loginjection.js:7:34:7:36 | req | loginjection.js:8:34:8:36 | req |
| loginjection.js:7:34:7:36 | req | loginjection.js:8:34:8:36 | req |
| loginjection.js:7:34:7:36 | req | loginjection.js:8:34:8:36 | req |
| loginjection.js:7:34:7:36 | req | loginjection.js:8:34:8:36 | req |
| loginjection.js:8:13:8:30 | { book, quantity } | loginjection.js:8:15:8:18 | book |
| loginjection.js:8:13:8:30 | { book, quantity } | loginjection.js:8:15:8:18 | book |
| loginjection.js:8:13:8:41 | book | loginjection.js:11:25:11:28 | book |
| loginjection.js:8:13:8:41 | book | loginjection.js:12:32:12:35 | book |
| loginjection.js:8:15:8:18 | book | loginjection.js:8:13:8:41 | book |
| loginjection.js:8:15:8:18 | book | loginjection.js:8:13:8:41 | book |
| loginjection.js:8:34:8:36 | req | loginjection.js:8:34:8:41 | req.data |
| loginjection.js:8:34:8:36 | req | loginjection.js:8:34:8:41 | req.data |
| loginjection.js:8:34:8:41 | req.data | loginjection.js:8:13:8:30 | { book, quantity } |
| loginjection.js:8:34:8:41 | req.data | loginjection.js:8:13:8:30 | { book, quantity } |
| loginjection.js:11:25:11:28 | book | loginjection.js:11:16:11:28 | "CAP:" + book |
| loginjection.js:11:25:11:28 | book | loginjection.js:11:16:11:28 | "CAP:" + book |
| loginjection.js:12:32:12:35 | book | loginjection.js:12:19:12:35 | "console:" + book |
| loginjection.js:12:32:12:35 | book | loginjection.js:12:19:12:35 | "console:" + book |
| loginjection.js:15:24:15:26 | req | loginjection.js:18:17:18:19 | req |
| loginjection.js:15:24:15:26 | req | loginjection.js:18:17:18:19 | req |
| loginjection.js:18:13:18:24 | $ | loginjection.js:18:47:18:47 | $ |
| loginjection.js:18:13:18:24 | $ | loginjection.js:18:47:18:47 | $ |
| loginjection.js:18:17:18:19 | req | loginjection.js:18:17:18:24 | req.data |
| loginjection.js:18:17:18:24 | req.data | loginjection.js:18:13:18:24 | $ |
| loginjection.js:23:13:23:30 | { book, quantity } | loginjection.js:23:15:23:18 | book |
| loginjection.js:23:13:23:30 | { book, quantity } | loginjection.js:23:15:23:18 | book |
| loginjection.js:23:13:23:53 | book | loginjection.js:25:25:25:28 | book |
| loginjection.js:23:13:23:53 | book | loginjection.js:26:32:26:35 | book |
| loginjection.js:23:15:23:18 | book | loginjection.js:23:13:23:53 | book |
| loginjection.js:23:15:23:18 | book | loginjection.js:23:13:23:53 | book |
| loginjection.js:23:34:23:53 | req2.params.category | loginjection.js:23:13:23:30 | { book, quantity } |
| loginjection.js:23:34:23:53 | req2.params.category | loginjection.js:23:13:23:30 | { book, quantity } |
| loginjection.js:23:34:23:53 | req2.params.category | loginjection.js:23:13:23:30 | { book, quantity } |
| loginjection.js:23:34:23:53 | req2.params.category | loginjection.js:23:13:23:30 | { book, quantity } |
| loginjection.js:25:25:25:28 | book | loginjection.js:25:16:25:28 | "CAP:" + book |
| loginjection.js:25:25:25:28 | book | loginjection.js:25:16:25:28 | "CAP:" + book |
| loginjection.js:26:32:26:35 | book | loginjection.js:26:19:26:35 | "console:" + book |
| loginjection.js:26:32:26:35 | book | loginjection.js:26:19:26:35 | "console:" + book |
#select
| loginjection.js:11:16:11:28 | "CAP:" + book | loginjection.js:7:34:7:36 | req | loginjection.js:11:16:11:28 | "CAP:" + book | Log entry depends on a $@. | loginjection.js:7:34:7:36 | req | user-provided value |
| loginjection.js:18:47:18:47 | $ | loginjection.js:15:24:15:26 | req | loginjection.js:18:47:18:47 | $ | Log entry depends on a $@. | loginjection.js:15:24:15:26 | req | user-provided value |
| loginjection.js:25:16:25:28 | "CAP:" + book | loginjection.js:23:34:23:53 | req2.params.category | loginjection.js:25:16:25:28 | "CAP:" + book | Log entry depends on a $@. | loginjection.js:23:34:23:53 | req2.params.category | user-provided value |
