WARNING: module 'PathGraph' has been deprecated and may be removed in future (XSJSUrlRedirect.ql:15,8-27)
WARNING: type 'PathNode' has been deprecated and may be removed in future (XSJSUrlRedirect.ql:17,28-46)
WARNING: type 'PathNode' has been deprecated and may be removed in future (XSJSUrlRedirect.ql:17,55-73)
nodes
| XSJSUrlRedirect.xsjs:7:7:7:65 | someParameterValue |
| XSJSUrlRedirect.xsjs:7:28:7:65 | request ... meter") |
| XSJSUrlRedirect.xsjs:7:28:7:65 | request ... meter") |
| XSJSUrlRedirect.xsjs:9:38:9:55 | someParameterValue |
| XSJSUrlRedirect.xsjs:9:38:9:55 | someParameterValue |
edges
| XSJSUrlRedirect.xsjs:7:7:7:65 | someParameterValue | XSJSUrlRedirect.xsjs:9:38:9:55 | someParameterValue |
| XSJSUrlRedirect.xsjs:7:7:7:65 | someParameterValue | XSJSUrlRedirect.xsjs:9:38:9:55 | someParameterValue |
| XSJSUrlRedirect.xsjs:7:28:7:65 | request ... meter") | XSJSUrlRedirect.xsjs:7:7:7:65 | someParameterValue |
| XSJSUrlRedirect.xsjs:7:28:7:65 | request ... meter") | XSJSUrlRedirect.xsjs:7:7:7:65 | someParameterValue |
#select
| XSJSUrlRedirect.xsjs:9:38:9:55 | someParameterValue | XSJSUrlRedirect.xsjs:7:28:7:65 | request ... meter") | XSJSUrlRedirect.xsjs:9:38:9:55 | someParameterValue | $@ depends on a $@. | XSJSUrlRedirect.xsjs:9:38:9:55 | someParameterValue | This URL | XSJSUrlRedirect.xsjs:7:28:7:65 | request ... meter") | user-provided value |
