WARNING: type 'Configuration' has been deprecated and may be removed in future (UI5PathInjection.ql:20,45-73)
nodes
| webapp/control/xss.js:8:23:8:37 | { type: "int" } |
| webapp/control/xss.js:17:43:17:60 | oControl.getText() |
| webapp/controller/app.controller.js:9:17:9:27 | input: null |
| webapp/view/app.view.xml:5:5:7:28 | value={/input} |
| webapp/view/app.view.xml:8:5:8:38 | text={/input} |
edges
| webapp/control/xss.js:8:23:8:37 | { type: "int" } | webapp/control/xss.js:17:43:17:60 | oControl.getText() |
| webapp/control/xss.js:8:23:8:37 | { type: "int" } | webapp/controller/app.controller.js:9:17:9:27 | input: null |
| webapp/controller/app.controller.js:9:17:9:27 | input: null | webapp/control/xss.js:8:23:8:37 | { type: "int" } |
| webapp/controller/app.controller.js:9:17:9:27 | input: null | webapp/view/app.view.xml:5:5:7:28 | value={/input} |
| webapp/controller/app.controller.js:9:17:9:27 | input: null | webapp/view/app.view.xml:8:5:8:38 | text={/input} |
| webapp/view/app.view.xml:5:5:7:28 | value={/input} | webapp/controller/app.controller.js:9:17:9:27 | input: null |
| webapp/view/app.view.xml:5:5:7:28 | value={/input} | webapp/controller/app.controller.js:11:26:11:45 | new JSONModel(oData) |
| webapp/view/app.view.xml:8:5:8:38 | text={/input} | webapp/controller/app.controller.js:9:17:9:27 | input: null |
#select
| webapp/control/xss.js:17:43:17:60 | oControl.getText() | webapp/view/app.view.xml:5:5:7:28 | value={/input} | webapp/control/xss.js:17:43:17:60 | oControl.getText() | The path of a saved file depends on a $@. | webapp/view/app.view.xml:5:5:7:28 | value={/input} | user-provided value |
