| source.js:9:27:9:33 | f.value | f.value |
| source.js:10:27:10:38 | f.getValue() | f.getValue() |
| source.js:14:27:14:33 | f.value | f.value |
| source.js:18:23:18:30 | ib.value | ib.value |
| source.js:23:23:23:33 | input.value | input.value |
| source.js:24:23:24:38 | input.getValue() | input.getValue() |
| source.js:29:23:29:30 | fi.value | fi.value |
| source.js:30:23:30:35 | fi.getValue() | fi.getValue() |
| source.js:33:21:33:60 | jQuery. ... ("foo") | jQuery. ... ("foo") |
| source.js:36:21:36:55 | jQuery. ... param") | jQuery. ... param") |
| source.js:39:21:39:54 | jQuery. ... param") | jQuery. ... param") |
| source.js:42:21:42:58 | jQuery. ... param") | jQuery. ... param") |
| source.js:45:21:45:55 | jQuery. ... param") | jQuery. ... param") |
| source.js:48:21:48:59 | jQuery. ... param") | jQuery. ... param") |
| source.js:52:43:52:57 | window.location | window.location |
| source.js:52:43:52:64 | window. ... .search | window. ... .search |
| source.js:53:22:53:35 | uri.get("foo") | uri.get("foo") |
| source.js:54:22:54:38 | uri.getAll("foo") | uri.getAll("foo") |
