| source.js:10:27:10:33 | f.value |
| source.js:14:23:14:30 | ib.value |
| source.js:19:23:19:33 | input.value |
| source.js:20:23:20:38 | input.getValue() |
| source.js:23:21:23:53 | jQuery. ... s().get |
| source.js:26:21:26:55 | jQuery. ... param") |
| source.js:29:21:29:54 | jQuery. ... param") |
| source.js:32:21:32:58 | jQuery. ... param") |
| source.js:35:21:35:55 | jQuery. ... param") |
| source.js:38:21:38:59 | jQuery. ... param") |
| source.js:42:43:42:57 | window.location |
| source.js:42:43:42:64 | window. ... .search |
| source.js:43:22:43:35 | uri.get("foo") |
| source.js:44:22:44:38 | uri.getAll("foo") |
