nodes
| source1.xml:5:5:7:28 | value={/input} |
edges
#select
| source.js:25:17:25:25 | obj.value | obj.value |
| source.js:27:17:27:30 | obj.getValue() | obj.getValue() |
| source.js:29:17:29:25 | obj.value | obj.value |
| source.js:31:17:31:30 | obj.getValue() | obj.getValue() |
| source.js:33:17:33:25 | obj.value | obj.value |
| source.js:35:17:35:30 | obj.getValue() | obj.getValue() |
| source.js:37:17:37:25 | obj.value | obj.value |
| source.js:39:17:39:30 | obj.getValue() | obj.getValue() |
| source.js:41:17:41:25 | obj.value | obj.value |
| source.js:43:17:43:30 | obj.getValue() | obj.getValue() |
| source.js:45:17:45:25 | obj.value | obj.value |
| source.js:47:17:47:30 | obj.getValue() | obj.getValue() |
| source.js:49:17:49:25 | obj.value | obj.value |
| source.js:51:17:51:37 | obj.get ... Value() | obj.get ... Value() |
| source.js:53:17:53:25 | obj.value | obj.value |
| source.js:55:17:55:30 | obj.getValue() | obj.getValue() |
| source.js:57:17:57:51 | jQuery. ... ).get() | jQuery. ... ).get() |
| source.js:59:17:59:37 | jQuery. ... cHead() | jQuery. ... cHead() |
| source.js:61:17:61:36 | jQuery.sap.syncGet() | jQuery.sap.syncGet() |
| source.js:63:17:63:40 | jQuery. ... tText() | jQuery. ... tText() |
| source.js:65:17:65:37 | jQuery. ... cPost() | jQuery. ... cPost() |
| source.js:67:17:67:41 | jQuery. ... tText() | jQuery. ... tText() |
| source.js:69:17:69:52 | UriPara ... ).get() | UriPara ... ).get() |
| source.js:70:17:70:55 | UriPara ... etAll() | UriPara ... etAll() |
| source.js:73:17:73:25 | obj.get() | obj.get() |
| source.js:74:17:74:28 | obj.getAll() | obj.getAll() |
| source.js:76:17:76:28 | obj.getAll() | obj.getAll() |
| source.js:78:17:78:25 | obj.get() | obj.get() |
