| sink.js:24:38:24:42 | code0 | SAP UI5 log injection sink with kind: ui5-log-injection |
| sink.js:24:45:24:49 | code1 | SAP UI5 log injection sink with kind: ui5-log-injection |
| sink.js:24:52:24:56 | code2 | SAP UI5 log injection sink with kind: ui5-log-injection |
| sink.js:25:38:25:42 | code0 | SAP UI5 log injection sink with kind: ui5-log-injection |
| sink.js:25:45:25:49 | code1 | SAP UI5 log injection sink with kind: ui5-log-injection |
| sink.js:25:52:25:56 | code2 | SAP UI5 log injection sink with kind: ui5-log-injection |
| sink.js:27:40:27:44 | code0 | SAP UI5 log injection sink with kind: ui5-log-injection |
| sink.js:27:47:27:51 | code1 | SAP UI5 log injection sink with kind: ui5-log-injection |
| sink.js:27:54:27:58 | code2 | SAP UI5 log injection sink with kind: ui5-log-injection |
| sink.js:29:37:29:41 | code0 | SAP UI5 log injection sink with kind: ui5-log-injection |
| sink.js:29:44:29:48 | code1 | SAP UI5 log injection sink with kind: ui5-log-injection |
| sink.js:29:51:29:55 | code2 | SAP UI5 log injection sink with kind: ui5-log-injection |
| sink.js:31:38:31:42 | code0 | SAP UI5 log injection sink with kind: ui5-log-injection |
| sink.js:31:45:31:49 | code1 | SAP UI5 log injection sink with kind: ui5-log-injection |
| sink.js:31:52:31:56 | code2 | SAP UI5 log injection sink with kind: ui5-log-injection |
| sink.js:33:38:33:42 | code0 | SAP UI5 log injection sink with kind: ui5-log-injection |
| sink.js:33:45:33:49 | code1 | SAP UI5 log injection sink with kind: ui5-log-injection |
| sink.js:33:52:33:56 | code2 | SAP UI5 log injection sink with kind: ui5-log-injection |
| sink.js:37:27:37:31 | code0 | SAP UI5 log injection sink with kind: ui5-log-injection |
| sink.js:37:34:37:38 | code1 | SAP UI5 log injection sink with kind: ui5-log-injection |
| sink.js:37:41:37:45 | code2 | SAP UI5 log injection sink with kind: ui5-log-injection |
| sink.js:39:27:39:31 | code0 | SAP UI5 log injection sink with kind: ui5-log-injection |
| sink.js:39:34:39:38 | code1 | SAP UI5 log injection sink with kind: ui5-log-injection |
| sink.js:39:41:39:45 | code2 | SAP UI5 log injection sink with kind: ui5-log-injection |
| sink.js:41:29:41:33 | code0 | SAP UI5 log injection sink with kind: ui5-log-injection |
| sink.js:41:36:41:40 | code1 | SAP UI5 log injection sink with kind: ui5-log-injection |
| sink.js:41:43:41:47 | code2 | SAP UI5 log injection sink with kind: ui5-log-injection |
| sink.js:43:26:43:30 | code0 | SAP UI5 log injection sink with kind: ui5-log-injection |
| sink.js:43:33:43:37 | code1 | SAP UI5 log injection sink with kind: ui5-log-injection |
| sink.js:43:40:43:44 | code2 | SAP UI5 log injection sink with kind: ui5-log-injection |
| sink.js:45:27:45:31 | code0 | SAP UI5 log injection sink with kind: ui5-log-injection |
| sink.js:45:34:45:38 | code1 | SAP UI5 log injection sink with kind: ui5-log-injection |
| sink.js:45:41:45:45 | code2 | SAP UI5 log injection sink with kind: ui5-log-injection |
| sink.js:47:27:47:31 | code0 | SAP UI5 log injection sink with kind: ui5-log-injection |
| sink.js:47:34:47:38 | code1 | SAP UI5 log injection sink with kind: ui5-log-injection |
| sink.js:47:41:47:45 | code2 | SAP UI5 log injection sink with kind: ui5-log-injection |
| sink.js:49:42:49:46 | code1 | SAP UI5 log injection sink with kind: ui5-log-injection |
| sink.js:78:36:78:40 | code0 | SAP UI5 log injection sink with kind: ui5-log-injection |
| sink.js:78:43:78:47 | code1 | SAP UI5 log injection sink with kind: ui5-log-injection |
| sink.js:78:50:78:54 | code2 | SAP UI5 log injection sink with kind: ui5-log-injection |
| sink.js:79:36:79:40 | code0 | SAP UI5 log injection sink with kind: ui5-log-injection |
| sink.js:79:43:79:47 | code1 | SAP UI5 log injection sink with kind: ui5-log-injection |
| sink.js:79:50:79:54 | code2 | SAP UI5 log injection sink with kind: ui5-log-injection |
| sink.js:80:38:80:42 | code0 | SAP UI5 log injection sink with kind: ui5-log-injection |
| sink.js:80:45:80:49 | code1 | SAP UI5 log injection sink with kind: ui5-log-injection |
| sink.js:80:52:80:56 | code2 | SAP UI5 log injection sink with kind: ui5-log-injection |
| sink.js:81:35:81:39 | code0 | SAP UI5 log injection sink with kind: ui5-log-injection |
| sink.js:81:42:81:46 | code1 | SAP UI5 log injection sink with kind: ui5-log-injection |
| sink.js:81:49:81:53 | code2 | SAP UI5 log injection sink with kind: ui5-log-injection |
| sink.js:82:36:82:40 | code0 | SAP UI5 log injection sink with kind: ui5-log-injection |
| sink.js:82:43:82:47 | code1 | SAP UI5 log injection sink with kind: ui5-log-injection |
| sink.js:82:50:82:54 | code2 | SAP UI5 log injection sink with kind: ui5-log-injection |
| sink.js:83:36:83:40 | code0 | SAP UI5 log injection sink with kind: ui5-log-injection |
| sink.js:83:43:83:47 | code1 | SAP UI5 log injection sink with kind: ui5-log-injection |
| sink.js:83:50:83:54 | code2 | SAP UI5 log injection sink with kind: ui5-log-injection |
| sink.js:90:40:90:44 | code1 | SAP UI5 log injection sink with kind: ui5-log-injection |
