| clickjacking-allow-all/index.html:9:9:9:31 | index.html:9 | Possible clickjacking vulnerability due to window[ ... onfig"] being set to `allow`. |
| clickjacking-allow-all/index.html:28:34:28:65 | index.html:28 | Possible clickjacking vulnerability due to data-sap-ui-frameOptions=allow being set to `allow`. |
| clickjacking-default-all/index.html:2:1:34:7 | index.html:2 | Possible clickjacking vulnerability due to missing frame options. |
