| summary.js:5:17:5:50 | jQuery. ... param") | jQuery. ... param") | summary.js:7:27:7:32 | value1 | value1 |
| summary.js:11:17:11:50 | jQuery. ... param") | jQuery. ... param") | summary.js:13:27:13:32 | value1 | value1 |
| summary.js:17:17:17:50 | jQuery. ... param") | jQuery. ... param") | summary.js:19:27:19:32 | value1 | value1 |
| summary.js:23:17:23:50 | jQuery. ... param") | jQuery. ... param") | summary.js:25:27:25:32 | value1 | value1 |
| summary.js:29:17:29:50 | jQuery. ... param") | jQuery. ... param") | summary.js:31:27:31:32 | value1 | value1 |
| summary.js:35:17:35:50 | jQuery. ... param") | jQuery. ... param") | summary.js:37:27:37:32 | value1 | value1 |
