| binding1.json:9:21:9:29 | /Base | /Base |
| binding1.json:15:30:15:38 | input | /Base/input |
| binding1.json:19:32:19:78 | /input | /input |
| binding1.xml:6:5:6:35 | /firstName | /firstName |
| binding1.xml:7:5:7:77 | /firstName | /firstName |
| binding1.xml:9:5:15:49 | /birthday/year | /birthday/year |
| binding1.xml:17:5:20:46 | /Rowsets/Rowset/Row | /Rowsets/Rowset/Row |
| binding1.xml:21:9:21:46 | Name | /Rowsets/Rowset/Row/Name |
| binding1.xml:22:13:24:100 | Selection/Row | /Rowsets/Rowset/Row/Selection/Row |
| binding1.xml:27:21:27:94 | Value | /Rowsets/Rowset/Row/Selection/Row/Value |
| binding1.xml:27:21:27:94 | Value | /Rowsets/Rowset/Row/Selection/Row/Value |
| binding1.xml:27:21:27:94 | Value | /Rowsets/Rowset/Row/Value |
| binding1.xml:27:21:27:94 | Value | /Rowsets/Rowset/Row/Value |
| binding1.xml:31:13:33:67 |  | /Rowsets/Rowset/Row/ |
| binding1.xml:34:17:34:79 | Subvalue | /Rowsets/Rowset/Row//Subvalue |
| binding1.xml:34:17:34:79 | Subvalue | /Rowsets/Rowset/Row//Subvalue |
| binding1.xml:34:17:34:79 | Subvalue | /Rowsets/Rowset/Row/Subvalue |
| binding1.xml:34:17:34:79 | Subvalue | /Rowsets/Rowset/Row/Subvalue |
| binding1.xml:42:13:42:110 | /country | /country |
| binding1.xml:44:21:44:71 | Key | /country/Key |
| binding1.xml:44:21:44:71 | Name | /country/Name |
| bindingComposite.xml:6:9:6:81 | /Products | /Products |
| bindingComposite.xml:8:17:17:50 | /currencyCode | /currencyCode |
| bindingComposite.xml:8:17:17:50 | /currencyCode | /currencyCode |
| bindingComposite.xml:8:17:17:50 | ProductName | /Products/ProductName |
| bindingComposite.xml:19:25:19:78 | QuantityPerUnit | /Products/QuantityPerUnit |
| bindingComposite.xml:20:25:28:13 | /currencyCode | /currencyCode |
| bindingComposite.xml:20:25:28:13 | stockValue | /Products/stockValue |
| bindingComposite.xml:34:5:36:28 | /input | /input |
| bindingComposite.xml:38:5:38:45 | /input | /input |
