| server.js:8:1:8:36 | cdsUser ... vileged | The default user is being overridden to a privileged user. |
| srv/service1.js:14:7:14:42 | cdsUser ... vileged | The default user is being overridden to a privileged user. |
| srv/service2.js:12:5:12:40 | cdsUser ... vileged | The default user is being overridden to a privileged user. |
