| test.js:1:30:1:45 | {/foo/bar/baz} |
| test.js:2:30:2:44 | {foo/bar/baz} |
| test.js:4:41:4:62 | {model>/foo/bar/baz} |
| test.js:5:41:5:61 | {model>foo/bar/baz} |
| test.js:7:41:7:98 | {path : /foo/bar/baz, type : "sap.ui.model.type.String"} |
| test.js:8:41:8:97 | {path : foo/bar/baz, type : "sap.ui.model.type.String"} |
