| update.js:4:14:4:26 | update.js:4 | update.js:4:14:4:26 | UPDATE`Table` |
| update.js:4:14:4:53 | update.js:4 | update.js:4:14:4:53 | UPDATE` ... {diff}` |
| update.js:5:14:5:26 | update.js:5 | update.js:5:14:5:26 | UPDATE`Table` |
| update.js:5:14:5:95 | update.js:5 | update.js:5:14:5:95 | UPDATE` ... ] }, }) |
| update.js:6:14:6:26 | update.js:6 | update.js:6:14:6:26 | UPDATE`Table` |
| update.js:6:14:6:46 | update.js:6 | update.js:6:14:6:46 | UPDATE` ... diff }) |
| update.js:8:14:8:26 | update.js:8 | update.js:8:14:8:26 | UPDATE(Table) |
| update.js:8:14:8:53 | update.js:8 | update.js:8:14:8:53 | UPDATE( ... {diff}` |
| update.js:9:14:9:26 | update.js:9 | update.js:9:14:9:26 | UPDATE(Table) |
| update.js:9:14:9:95 | update.js:9 | update.js:9:14:9:95 | UPDATE( ... ] }, }) |
| update.js:10:14:10:26 | update.js:10 | update.js:10:14:10:26 | UPDATE(Table) |
| update.js:10:14:10:46 | update.js:10 | update.js:10:14:10:46 | UPDATE( ... diff }) |
| update.js:12:14:12:28 | update.js:12 | update.js:12:14:12:28 | UPDATE("Table") |
| update.js:12:14:12:55 | update.js:12 | update.js:12:14:12:55 | UPDATE( ... {diff}` |
| update.js:13:14:13:28 | update.js:13 | update.js:13:14:13:28 | UPDATE("Table") |
| update.js:13:14:13:97 | update.js:13 | update.js:13:14:13:97 | UPDATE( ... ] }, }) |
| update.js:14:14:14:28 | update.js:14 | update.js:14:14:14:28 | UPDATE("Table") |
| update.js:14:14:14:48 | update.js:14 | update.js:14:14:14:48 | UPDATE( ... diff }) |
| update.js:17:14:17:33 | update.js:17 | update.js:17:14:17:33 | UPDATE.entity(Table) |
| update.js:17:14:17:60 | update.js:17 | update.js:17:14:17:60 | UPDATE. ... {diff}` |
| update.js:18:14:18:33 | update.js:18 | update.js:18:14:18:33 | UPDATE.entity(Table) |
| update.js:18:14:18:102 | update.js:18 | update.js:18:14:18:102 | UPDATE. ... ] }, }) |
| update.js:19:14:19:33 | update.js:19 | update.js:19:14:19:33 | UPDATE.entity(Table) |
| update.js:19:14:19:53 | update.js:19 | update.js:19:14:19:53 | UPDATE. ... diff }) |
| update.js:21:14:21:35 | update.js:21 | update.js:21:14:21:35 | UPDATE. ... Table") |
| update.js:21:14:21:62 | update.js:21 | update.js:21:14:21:62 | UPDATE. ... {diff}` |
| update.js:22:14:22:35 | update.js:22 | update.js:22:14:22:35 | UPDATE. ... Table") |
| update.js:22:14:22:104 | update.js:22 | update.js:22:14:22:104 | UPDATE. ... ] }, }) |
| update.js:23:14:23:35 | update.js:23 | update.js:23:14:23:35 | UPDATE. ... Table") |
| update.js:23:14:23:55 | update.js:23 | update.js:23:14:23:55 | UPDATE. ... diff }) |
| update.js:25:14:25:33 | update.js:25 | update.js:25:14:25:33 | UPDATE.entity`Table` |
| update.js:25:14:25:60 | update.js:25 | update.js:25:14:25:60 | UPDATE. ... {diff}` |
| update.js:26:14:26:33 | update.js:26 | update.js:26:14:26:33 | UPDATE.entity`Table` |
| update.js:26:14:26:102 | update.js:26 | update.js:26:14:26:102 | UPDATE. ... ] }, }) |
| update.js:27:14:27:33 | update.js:27 | update.js:27:14:27:33 | UPDATE.entity`Table` |
| update.js:27:14:27:53 | update.js:27 | update.js:27:14:27:53 | UPDATE. ... diff }) |
| update.js:32:14:32:26 | update.js:32 | update.js:32:14:32:26 | UPDATE`Table` |
| update.js:32:14:32:54 | update.js:32 | update.js:32:14:32:54 | UPDATE` ... {diff}` |
| update.js:33:14:33:26 | update.js:33 | update.js:33:14:33:26 | UPDATE`Table` |
| update.js:33:14:33:96 | update.js:33 | update.js:33:14:33:96 | UPDATE` ... ] }, }) |
| update.js:34:14:34:26 | update.js:34 | update.js:34:14:34:26 | UPDATE`Table` |
| update.js:34:14:34:47 | update.js:34 | update.js:34:14:34:47 | UPDATE` ... diff }) |
| update.js:37:14:37:33 | update.js:37 | update.js:37:14:37:33 | UPDATE.entity`Table` |
| update.js:37:14:37:61 | update.js:37 | update.js:37:14:37:61 | UPDATE. ... {diff}` |
| update.js:38:14:38:33 | update.js:38 | update.js:38:14:38:33 | UPDATE.entity`Table` |
| update.js:38:14:38:103 | update.js:38 | update.js:38:14:38:103 | UPDATE. ... ] }, }) |
| update.js:39:14:39:33 | update.js:39 | update.js:39:14:39:33 | UPDATE.entity`Table` |
| update.js:39:14:39:54 | update.js:39 | update.js:39:14:39:54 | UPDATE. ... diff }) |
| update.js:44:14:44:26 | update.js:44 | update.js:44:14:44:26 | UPDATE`Table` |
| update.js:44:14:44:53 | update.js:44 | update.js:44:14:44:53 | UPDATE` ... {diff}` |
| update.js:44:14:44:74 | update.js:44 | update.js:44:14:44:74 | UPDATE` ...  "*" }) |
| update.js:45:14:45:26 | update.js:45 | update.js:45:14:45:26 | UPDATE`Table` |
| update.js:45:14:45:53 | update.js:45 | update.js:45:14:45:53 | UPDATE` ... {diff}` |
| update.js:45:14:45:71 | update.js:45 | update.js:45:14:45:71 | UPDATE` ... 1='*'") |
| update.js:46:14:46:26 | update.js:46 | update.js:46:14:46:26 | UPDATE`Table` |
| update.js:46:14:46:53 | update.js:46 | update.js:46:14:46:53 | UPDATE` ... {diff}` |
| update.js:46:14:46:72 | update.js:46 | update.js:46:14:46:72 | UPDATE` ... ${"*"}` |
| update.js:47:14:47:26 | update.js:47 | update.js:47:14:47:26 | UPDATE`Table` |
| update.js:47:14:47:53 | update.js:47 | update.js:47:14:47:53 | UPDATE` ... {diff}` |
| update.js:47:14:47:73 | update.js:47 | update.js:47:14:47:73 | UPDATE` ... ", "*") |
| update.js:48:14:48:26 | update.js:48 | update.js:48:14:48:26 | UPDATE`Table` |
| update.js:48:14:48:53 | update.js:48 | update.js:48:14:48:53 | UPDATE` ... {diff}` |
| update.js:48:14:48:73 | update.js:48 | update.js:48:14:48:73 | UPDATE` ... ${"*"}` |
| update.js:49:14:49:26 | update.js:49 | update.js:49:14:49:26 | UPDATE`Table` |
| update.js:49:14:49:53 | update.js:49 | update.js:49:14:49:53 | UPDATE` ... {diff}` |
| update.js:49:14:49:80 | update.js:49 | update.js:49:14:49:80 | UPDATE` ... , 10)") |
| update.js:50:14:50:26 | update.js:50 | update.js:50:14:50:26 | UPDATE`Table` |
| update.js:50:14:50:53 | update.js:50 | update.js:50:14:50:53 | UPDATE` ... {diff}` |
| update.js:50:14:50:86 | update.js:50 | update.js:50:14:50:86 | UPDATE` ... 0), ]}` |
| update.js:51:14:51:26 | update.js:51 | update.js:51:14:51:26 | UPDATE`Table` |
| update.js:51:14:51:53 | update.js:51 | update.js:51:14:51:53 | UPDATE` ... {diff}` |
| update.js:51:14:51:93 | update.js:51 | update.js:51:14:51:93 | UPDATE` ... 1 }, }) |
| update.js:53:14:53:26 | update.js:53 | update.js:53:14:53:26 | UPDATE`Table` |
| update.js:53:14:53:94 | update.js:53 | update.js:53:14:53:94 | UPDATE` ... }] } }) |
| update.js:53:14:53:115 | update.js:53 | update.js:53:14:53:115 | UPDATE` ...  "*" }) |
| update.js:54:14:54:26 | update.js:54 | update.js:54:14:54:26 | UPDATE`Table` |
| update.js:54:14:54:94 | update.js:54 | update.js:54:14:54:94 | UPDATE` ... }] } }) |
| update.js:54:14:54:112 | update.js:54 | update.js:54:14:54:112 | UPDATE` ... 1='*'") |
| update.js:55:14:55:26 | update.js:55 | update.js:55:14:55:26 | UPDATE`Table` |
| update.js:55:14:55:95 | update.js:55 | update.js:55:14:55:95 | UPDATE` ... ] }, }) |
| update.js:55:14:55:114 | update.js:55 | update.js:55:14:55:114 | UPDATE` ... ${"*"}` |
| update.js:56:14:56:26 | update.js:56 | update.js:56:14:56:26 | UPDATE`Table` |
| update.js:56:14:56:94 | update.js:56 | update.js:56:14:56:94 | UPDATE` ... }] } }) |
| update.js:56:14:56:114 | update.js:56 | update.js:56:14:56:114 | UPDATE` ... ", "*") |
| update.js:57:14:57:26 | update.js:57 | update.js:57:14:57:26 | UPDATE`Table` |
| update.js:57:14:57:95 | update.js:57 | update.js:57:14:57:95 | UPDATE` ... ] }, }) |
| update.js:57:14:57:115 | update.js:57 | update.js:57:14:57:115 | UPDATE` ... ${"*"}` |
| update.js:58:14:58:26 | update.js:58 | update.js:58:14:58:26 | UPDATE`Table` |
| update.js:58:14:58:94 | update.js:58 | update.js:58:14:58:94 | UPDATE` ... }] } }) |
| update.js:58:14:58:121 | update.js:58 | update.js:58:14:58:121 | UPDATE` ... , 10)") |
| update.js:59:14:59:26 | update.js:59 | update.js:59:14:59:26 | UPDATE`Table` |
| update.js:59:14:59:95 | update.js:59 | update.js:59:14:59:95 | UPDATE` ... ] }, }) |
| update.js:59:14:59:125 | update.js:59 | update.js:59:14:59:125 | UPDATE` ...  10)]}` |
| update.js:60:14:60:26 | update.js:60 | update.js:60:14:60:26 | UPDATE`Table` |
| update.js:60:14:60:94 | update.js:60 | update.js:60:14:60:94 | UPDATE` ... }] } }) |
| update.js:60:14:60:133 | update.js:60 | update.js:60:14:60:133 | UPDATE` ... 11 } }) |
| update.js:62:14:62:26 | update.js:62 | update.js:62:14:62:26 | UPDATE`Table` |
| update.js:62:14:62:46 | update.js:62 | update.js:62:14:62:46 | UPDATE` ... diff }) |
| update.js:62:14:62:67 | update.js:62 | update.js:62:14:62:67 | UPDATE` ...  "*" }) |
| update.js:63:14:63:26 | update.js:63 | update.js:63:14:63:26 | UPDATE`Table` |
| update.js:63:14:63:46 | update.js:63 | update.js:63:14:63:46 | UPDATE` ... diff }) |
| update.js:63:14:63:64 | update.js:63 | update.js:63:14:63:64 | UPDATE` ... 1='*'") |
| update.js:64:14:64:26 | update.js:64 | update.js:64:14:64:26 | UPDATE`Table` |
| update.js:64:14:64:46 | update.js:64 | update.js:64:14:64:46 | UPDATE` ... diff }) |
| update.js:64:14:64:65 | update.js:64 | update.js:64:14:64:65 | UPDATE` ... ${"*"}` |
| update.js:65:14:65:26 | update.js:65 | update.js:65:14:65:26 | UPDATE`Table` |
| update.js:65:14:65:46 | update.js:65 | update.js:65:14:65:46 | UPDATE` ... diff }) |
| update.js:65:14:65:66 | update.js:65 | update.js:65:14:65:66 | UPDATE` ... ", "*") |
| update.js:66:14:66:26 | update.js:66 | update.js:66:14:66:26 | UPDATE`Table` |
| update.js:66:14:66:46 | update.js:66 | update.js:66:14:66:46 | UPDATE` ... diff }) |
| update.js:66:14:66:66 | update.js:66 | update.js:66:14:66:66 | UPDATE` ... ${"*"}` |
| update.js:67:14:67:26 | update.js:67 | update.js:67:14:67:26 | UPDATE`Table` |
| update.js:67:14:67:46 | update.js:67 | update.js:67:14:67:46 | UPDATE` ... diff }) |
| update.js:67:14:67:73 | update.js:67 | update.js:67:14:67:73 | UPDATE` ... , 10)") |
| update.js:68:14:68:26 | update.js:68 | update.js:68:14:68:26 | UPDATE`Table` |
| update.js:68:14:68:46 | update.js:68 | update.js:68:14:68:46 | UPDATE` ... diff }) |
| update.js:68:14:68:76 | update.js:68 | update.js:68:14:68:76 | UPDATE` ...  10)]}` |
| update.js:69:14:69:26 | update.js:69 | update.js:69:14:69:26 | UPDATE`Table` |
| update.js:69:14:69:46 | update.js:69 | update.js:69:14:69:46 | UPDATE` ... diff }) |
| update.js:69:14:69:85 | update.js:69 | update.js:69:14:69:85 | UPDATE` ... 11 } }) |
| update.js:72:14:72:33 | update.js:72 | update.js:72:14:72:33 | UPDATE.entity`Table` |
| update.js:72:14:72:60 | update.js:72 | update.js:72:14:72:60 | UPDATE. ... {diff}` |
| update.js:72:14:72:81 | update.js:72 | update.js:72:14:72:81 | UPDATE. ...  "*" }) |
| update.js:73:14:73:33 | update.js:73 | update.js:73:14:73:33 | UPDATE.entity`Table` |
| update.js:73:14:73:60 | update.js:73 | update.js:73:14:73:60 | UPDATE. ... {diff}` |
| update.js:73:14:73:78 | update.js:73 | update.js:73:14:73:78 | UPDATE. ... 1='*'") |
| update.js:74:14:74:33 | update.js:74 | update.js:74:14:74:33 | UPDATE.entity`Table` |
| update.js:74:14:74:60 | update.js:74 | update.js:74:14:74:60 | UPDATE. ... {diff}` |
| update.js:74:14:74:79 | update.js:74 | update.js:74:14:74:79 | UPDATE. ... ${"*"}` |
| update.js:75:14:75:33 | update.js:75 | update.js:75:14:75:33 | UPDATE.entity`Table` |
| update.js:75:14:75:60 | update.js:75 | update.js:75:14:75:60 | UPDATE. ... {diff}` |
| update.js:75:14:75:80 | update.js:75 | update.js:75:14:75:80 | UPDATE. ... ", "*") |
| update.js:76:14:76:33 | update.js:76 | update.js:76:14:76:33 | UPDATE.entity`Table` |
| update.js:76:14:76:60 | update.js:76 | update.js:76:14:76:60 | UPDATE. ... {diff}` |
| update.js:76:14:76:80 | update.js:76 | update.js:76:14:76:80 | UPDATE. ... ${"*"}` |
| update.js:77:14:77:33 | update.js:77 | update.js:77:14:77:33 | UPDATE.entity`Table` |
| update.js:77:14:77:60 | update.js:77 | update.js:77:14:77:60 | UPDATE. ... {diff}` |
| update.js:77:14:77:87 | update.js:77 | update.js:77:14:77:87 | UPDATE. ... , 10)") |
| update.js:78:14:78:33 | update.js:78 | update.js:78:14:78:33 | UPDATE.entity`Table` |
| update.js:78:14:78:60 | update.js:78 | update.js:78:14:78:60 | UPDATE. ... {diff}` |
| update.js:78:14:78:93 | update.js:78 | update.js:78:14:78:93 | UPDATE. ... 0), ]}` |
| update.js:79:14:79:33 | update.js:79 | update.js:79:14:79:33 | UPDATE.entity`Table` |
| update.js:79:14:79:60 | update.js:79 | update.js:79:14:79:60 | UPDATE. ... {diff}` |
| update.js:79:14:79:100 | update.js:79 | update.js:79:14:79:100 | UPDATE. ... 1 }, }) |
| update.js:81:14:81:33 | update.js:81 | update.js:81:14:81:33 | UPDATE.entity`Table` |
| update.js:81:14:81:101 | update.js:81 | update.js:81:14:81:101 | UPDATE. ... }] } }) |
| update.js:81:14:81:122 | update.js:81 | update.js:81:14:81:122 | UPDATE. ...  "*" }) |
| update.js:82:14:82:33 | update.js:82 | update.js:82:14:82:33 | UPDATE.entity`Table` |
| update.js:82:14:82:101 | update.js:82 | update.js:82:14:82:101 | UPDATE. ... }] } }) |
| update.js:82:14:82:119 | update.js:82 | update.js:82:14:82:119 | UPDATE. ... 1='*'") |
| update.js:83:14:83:33 | update.js:83 | update.js:83:14:83:33 | UPDATE.entity`Table` |
| update.js:83:14:83:102 | update.js:83 | update.js:83:14:83:102 | UPDATE. ... ] }, }) |
| update.js:83:14:83:121 | update.js:83 | update.js:83:14:83:121 | UPDATE. ... ${"*"}` |
| update.js:84:14:84:33 | update.js:84 | update.js:84:14:84:33 | UPDATE.entity`Table` |
| update.js:84:14:84:101 | update.js:84 | update.js:84:14:84:101 | UPDATE. ... }] } }) |
| update.js:84:14:84:121 | update.js:84 | update.js:84:14:84:121 | UPDATE. ... ", "*") |
| update.js:85:14:85:33 | update.js:85 | update.js:85:14:85:33 | UPDATE.entity`Table` |
| update.js:85:14:85:102 | update.js:85 | update.js:85:14:85:102 | UPDATE. ... ] }, }) |
| update.js:85:14:85:122 | update.js:85 | update.js:85:14:85:122 | UPDATE. ... ${"*"}` |
| update.js:86:14:86:33 | update.js:86 | update.js:86:14:86:33 | UPDATE.entity`Table` |
| update.js:86:14:86:101 | update.js:86 | update.js:86:14:86:101 | UPDATE. ... }] } }) |
| update.js:86:14:86:128 | update.js:86 | update.js:86:14:86:128 | UPDATE. ... , 10)") |
| update.js:87:14:87:33 | update.js:87 | update.js:87:14:87:33 | UPDATE.entity`Table` |
| update.js:87:14:87:102 | update.js:87 | update.js:87:14:87:102 | UPDATE. ... ] }, }) |
| update.js:87:14:87:132 | update.js:87 | update.js:87:14:87:132 | UPDATE. ...  10)]}` |
| update.js:88:14:88:33 | update.js:88 | update.js:88:14:88:33 | UPDATE.entity`Table` |
| update.js:88:14:88:101 | update.js:88 | update.js:88:14:88:101 | UPDATE. ... }] } }) |
| update.js:88:14:88:140 | update.js:88 | update.js:88:14:88:140 | UPDATE. ... 11 } }) |
| update.js:90:14:90:33 | update.js:90 | update.js:90:14:90:33 | UPDATE.entity`Table` |
| update.js:90:14:90:53 | update.js:90 | update.js:90:14:90:53 | UPDATE. ... diff }) |
| update.js:90:14:90:74 | update.js:90 | update.js:90:14:90:74 | UPDATE. ...  "*" }) |
| update.js:91:14:91:33 | update.js:91 | update.js:91:14:91:33 | UPDATE.entity`Table` |
| update.js:91:14:91:53 | update.js:91 | update.js:91:14:91:53 | UPDATE. ... diff }) |
| update.js:91:14:91:71 | update.js:91 | update.js:91:14:91:71 | UPDATE. ... 1='*'") |
| update.js:92:14:92:33 | update.js:92 | update.js:92:14:92:33 | UPDATE.entity`Table` |
| update.js:92:14:92:53 | update.js:92 | update.js:92:14:92:53 | UPDATE. ... diff }) |
| update.js:92:14:92:72 | update.js:92 | update.js:92:14:92:72 | UPDATE. ... ${"*"}` |
| update.js:93:14:93:33 | update.js:93 | update.js:93:14:93:33 | UPDATE.entity`Table` |
| update.js:93:14:93:53 | update.js:93 | update.js:93:14:93:53 | UPDATE. ... diff }) |
| update.js:93:14:93:73 | update.js:93 | update.js:93:14:93:73 | UPDATE. ... ", "*") |
| update.js:94:14:94:33 | update.js:94 | update.js:94:14:94:33 | UPDATE.entity`Table` |
| update.js:94:14:94:53 | update.js:94 | update.js:94:14:94:53 | UPDATE. ... diff }) |
| update.js:94:14:94:73 | update.js:94 | update.js:94:14:94:73 | UPDATE. ... ${"*"}` |
| update.js:95:14:95:33 | update.js:95 | update.js:95:14:95:33 | UPDATE.entity`Table` |
| update.js:95:14:95:53 | update.js:95 | update.js:95:14:95:53 | UPDATE. ... diff }) |
| update.js:95:14:95:80 | update.js:95 | update.js:95:14:95:80 | UPDATE. ... , 10)") |
| update.js:96:14:96:33 | update.js:96 | update.js:96:14:96:33 | UPDATE.entity`Table` |
| update.js:96:14:96:53 | update.js:96 | update.js:96:14:96:53 | UPDATE. ... diff }) |
| update.js:96:14:96:83 | update.js:96 | update.js:96:14:96:83 | UPDATE. ...  10)]}` |
| update.js:97:14:97:33 | update.js:97 | update.js:97:14:97:33 | UPDATE.entity`Table` |
| update.js:97:14:97:53 | update.js:97 | update.js:97:14:97:53 | UPDATE. ... diff }) |
| update.js:97:14:97:92 | update.js:97 | update.js:97:14:97:92 | UPDATE. ... 11 } }) |
| update.js:99:14:99:33 | update.js:99 | update.js:99:14:99:33 | UPDATE.entity(Table) |
| update.js:99:14:99:60 | update.js:99 | update.js:99:14:99:60 | UPDATE. ... {diff}` |
| update.js:99:14:99:81 | update.js:99 | update.js:99:14:99:81 | UPDATE. ...  "*" }) |
| update.js:100:14:100:33 | update.js:100 | update.js:100:14:100:33 | UPDATE.entity(Table) |
| update.js:100:14:100:60 | update.js:100 | update.js:100:14:100:60 | UPDATE. ... {diff}` |
| update.js:100:14:100:78 | update.js:100 | update.js:100:14:100:78 | UPDATE. ... 1='*'") |
| update.js:101:14:101:33 | update.js:101 | update.js:101:14:101:33 | UPDATE.entity(Table) |
| update.js:101:14:101:60 | update.js:101 | update.js:101:14:101:60 | UPDATE. ... {diff}` |
| update.js:101:14:101:79 | update.js:101 | update.js:101:14:101:79 | UPDATE. ... ${"*"}` |
| update.js:102:14:102:33 | update.js:102 | update.js:102:14:102:33 | UPDATE.entity(Table) |
| update.js:102:14:102:60 | update.js:102 | update.js:102:14:102:60 | UPDATE. ... {diff}` |
| update.js:102:14:102:80 | update.js:102 | update.js:102:14:102:80 | UPDATE. ... ", "*") |
| update.js:103:14:103:33 | update.js:103 | update.js:103:14:103:33 | UPDATE.entity(Table) |
| update.js:103:14:103:60 | update.js:103 | update.js:103:14:103:60 | UPDATE. ... {diff}` |
| update.js:103:14:103:80 | update.js:103 | update.js:103:14:103:80 | UPDATE. ... ${"*"}` |
| update.js:104:14:104:33 | update.js:104 | update.js:104:14:104:33 | UPDATE.entity(Table) |
| update.js:104:14:104:60 | update.js:104 | update.js:104:14:104:60 | UPDATE. ... {diff}` |
| update.js:104:14:104:87 | update.js:104 | update.js:104:14:104:87 | UPDATE. ... , 10)") |
| update.js:105:14:105:33 | update.js:105 | update.js:105:14:105:33 | UPDATE.entity(Table) |
| update.js:105:14:105:60 | update.js:105 | update.js:105:14:105:60 | UPDATE. ... {diff}` |
| update.js:105:14:105:93 | update.js:105 | update.js:105:14:105:93 | UPDATE. ... 0), ]}` |
| update.js:106:14:106:33 | update.js:106 | update.js:106:14:106:33 | UPDATE.entity(Table) |
| update.js:106:14:106:60 | update.js:106 | update.js:106:14:106:60 | UPDATE. ... {diff}` |
| update.js:106:14:106:100 | update.js:106 | update.js:106:14:106:100 | UPDATE. ... 1 }, }) |
| update.js:108:14:108:33 | update.js:108 | update.js:108:14:108:33 | UPDATE.entity(Table) |
| update.js:108:14:108:101 | update.js:108 | update.js:108:14:108:101 | UPDATE. ... }] } }) |
| update.js:108:14:108:122 | update.js:108 | update.js:108:14:108:122 | UPDATE. ...  "*" }) |
| update.js:109:14:109:33 | update.js:109 | update.js:109:14:109:33 | UPDATE.entity(Table) |
| update.js:109:14:109:101 | update.js:109 | update.js:109:14:109:101 | UPDATE. ... }] } }) |
| update.js:109:14:109:119 | update.js:109 | update.js:109:14:109:119 | UPDATE. ... 1='*'") |
| update.js:110:14:110:33 | update.js:110 | update.js:110:14:110:33 | UPDATE.entity(Table) |
| update.js:110:14:110:102 | update.js:110 | update.js:110:14:110:102 | UPDATE. ... ] }, }) |
| update.js:110:14:110:121 | update.js:110 | update.js:110:14:110:121 | UPDATE. ... ${"*"}` |
| update.js:111:14:111:33 | update.js:111 | update.js:111:14:111:33 | UPDATE.entity(Table) |
| update.js:111:14:111:101 | update.js:111 | update.js:111:14:111:101 | UPDATE. ... }] } }) |
| update.js:111:14:111:121 | update.js:111 | update.js:111:14:111:121 | UPDATE. ... ", "*") |
| update.js:112:14:112:33 | update.js:112 | update.js:112:14:112:33 | UPDATE.entity(Table) |
| update.js:112:14:112:102 | update.js:112 | update.js:112:14:112:102 | UPDATE. ... ] }, }) |
| update.js:112:14:112:122 | update.js:112 | update.js:112:14:112:122 | UPDATE. ... ${"*"}` |
| update.js:113:14:113:33 | update.js:113 | update.js:113:14:113:33 | UPDATE.entity(Table) |
| update.js:113:14:113:101 | update.js:113 | update.js:113:14:113:101 | UPDATE. ... }] } }) |
| update.js:113:14:113:128 | update.js:113 | update.js:113:14:113:128 | UPDATE. ... , 10)") |
| update.js:114:14:114:33 | update.js:114 | update.js:114:14:114:33 | UPDATE.entity(Table) |
| update.js:114:14:114:102 | update.js:114 | update.js:114:14:114:102 | UPDATE. ... ] }, }) |
| update.js:114:14:114:132 | update.js:114 | update.js:114:14:114:132 | UPDATE. ...  10)]}` |
| update.js:115:14:115:33 | update.js:115 | update.js:115:14:115:33 | UPDATE.entity(Table) |
| update.js:115:14:115:101 | update.js:115 | update.js:115:14:115:101 | UPDATE. ... }] } }) |
| update.js:115:14:115:140 | update.js:115 | update.js:115:14:115:140 | UPDATE. ... 11 } }) |
| update.js:117:14:117:33 | update.js:117 | update.js:117:14:117:33 | UPDATE.entity(Table) |
| update.js:117:14:117:53 | update.js:117 | update.js:117:14:117:53 | UPDATE. ... diff }) |
| update.js:117:14:117:74 | update.js:117 | update.js:117:14:117:74 | UPDATE. ...  "*" }) |
| update.js:118:14:118:33 | update.js:118 | update.js:118:14:118:33 | UPDATE.entity(Table) |
| update.js:118:14:118:53 | update.js:118 | update.js:118:14:118:53 | UPDATE. ... diff }) |
| update.js:118:14:118:71 | update.js:118 | update.js:118:14:118:71 | UPDATE. ... 1='*'") |
| update.js:119:14:119:33 | update.js:119 | update.js:119:14:119:33 | UPDATE.entity(Table) |
| update.js:119:14:119:53 | update.js:119 | update.js:119:14:119:53 | UPDATE. ... diff }) |
| update.js:119:14:119:72 | update.js:119 | update.js:119:14:119:72 | UPDATE. ... ${"*"}` |
| update.js:120:14:120:33 | update.js:120 | update.js:120:14:120:33 | UPDATE.entity(Table) |
| update.js:120:14:120:53 | update.js:120 | update.js:120:14:120:53 | UPDATE. ... diff }) |
| update.js:120:14:120:73 | update.js:120 | update.js:120:14:120:73 | UPDATE. ... ", "*") |
| update.js:121:14:121:33 | update.js:121 | update.js:121:14:121:33 | UPDATE.entity(Table) |
| update.js:121:14:121:53 | update.js:121 | update.js:121:14:121:53 | UPDATE. ... diff }) |
| update.js:121:14:121:73 | update.js:121 | update.js:121:14:121:73 | UPDATE. ... ${"*"}` |
| update.js:122:14:122:33 | update.js:122 | update.js:122:14:122:33 | UPDATE.entity(Table) |
| update.js:122:14:122:53 | update.js:122 | update.js:122:14:122:53 | UPDATE. ... diff }) |
| update.js:122:14:122:80 | update.js:122 | update.js:122:14:122:80 | UPDATE. ... , 10)") |
| update.js:123:14:123:33 | update.js:123 | update.js:123:14:123:33 | UPDATE.entity(Table) |
| update.js:123:14:123:53 | update.js:123 | update.js:123:14:123:53 | UPDATE. ... diff }) |
| update.js:123:14:123:83 | update.js:123 | update.js:123:14:123:83 | UPDATE. ...  10)]}` |
| update.js:124:14:124:33 | update.js:124 | update.js:124:14:124:33 | UPDATE.entity(Table) |
| update.js:124:14:124:53 | update.js:124 | update.js:124:14:124:53 | UPDATE. ... diff }) |
| update.js:124:14:124:92 | update.js:124 | update.js:124:14:124:92 | UPDATE. ... 11 } }) |
| update.js:126:14:126:35 | update.js:126 | update.js:126:14:126:35 | UPDATE. ... Table") |
| update.js:126:14:126:62 | update.js:126 | update.js:126:14:126:62 | UPDATE. ... {diff}` |
| update.js:126:14:126:83 | update.js:126 | update.js:126:14:126:83 | UPDATE. ...  "*" }) |
| update.js:127:14:127:35 | update.js:127 | update.js:127:14:127:35 | UPDATE. ... Table") |
| update.js:127:14:127:62 | update.js:127 | update.js:127:14:127:62 | UPDATE. ... {diff}` |
| update.js:127:14:127:80 | update.js:127 | update.js:127:14:127:80 | UPDATE. ... 1='*'") |
| update.js:128:14:128:35 | update.js:128 | update.js:128:14:128:35 | UPDATE. ... Table") |
| update.js:128:14:128:62 | update.js:128 | update.js:128:14:128:62 | UPDATE. ... {diff}` |
| update.js:128:14:128:81 | update.js:128 | update.js:128:14:128:81 | UPDATE. ... ${"*"}` |
| update.js:129:14:129:35 | update.js:129 | update.js:129:14:129:35 | UPDATE. ... Table") |
| update.js:129:14:129:62 | update.js:129 | update.js:129:14:129:62 | UPDATE. ... {diff}` |
| update.js:129:14:129:82 | update.js:129 | update.js:129:14:129:82 | UPDATE. ... ", "*") |
| update.js:130:14:130:35 | update.js:130 | update.js:130:14:130:35 | UPDATE. ... Table") |
| update.js:130:14:130:62 | update.js:130 | update.js:130:14:130:62 | UPDATE. ... {diff}` |
| update.js:130:14:130:82 | update.js:130 | update.js:130:14:130:82 | UPDATE. ... ${"*"}` |
| update.js:131:14:131:35 | update.js:131 | update.js:131:14:131:35 | UPDATE. ... Table") |
| update.js:131:14:131:62 | update.js:131 | update.js:131:14:131:62 | UPDATE. ... {diff}` |
| update.js:131:14:131:89 | update.js:131 | update.js:131:14:131:89 | UPDATE. ... , 10)") |
| update.js:132:14:132:35 | update.js:132 | update.js:132:14:132:35 | UPDATE. ... Table") |
| update.js:132:14:132:62 | update.js:132 | update.js:132:14:132:62 | UPDATE. ... {diff}` |
| update.js:132:14:132:95 | update.js:132 | update.js:132:14:132:95 | UPDATE. ... 0), ]}` |
| update.js:133:14:133:35 | update.js:133 | update.js:133:14:133:35 | UPDATE. ... Table") |
| update.js:133:14:133:62 | update.js:133 | update.js:133:14:133:62 | UPDATE. ... {diff}` |
| update.js:133:14:133:102 | update.js:133 | update.js:133:14:133:102 | UPDATE. ... 1 }, }) |
| update.js:135:14:135:35 | update.js:135 | update.js:135:14:135:35 | UPDATE. ... Table") |
| update.js:135:14:135:103 | update.js:135 | update.js:135:14:135:103 | UPDATE. ... }] } }) |
| update.js:135:14:135:124 | update.js:135 | update.js:135:14:135:124 | UPDATE. ...  "*" }) |
| update.js:136:14:136:35 | update.js:136 | update.js:136:14:136:35 | UPDATE. ... Table") |
| update.js:136:14:136:103 | update.js:136 | update.js:136:14:136:103 | UPDATE. ... }] } }) |
| update.js:136:14:136:121 | update.js:136 | update.js:136:14:136:121 | UPDATE. ... 1='*'") |
| update.js:137:14:137:35 | update.js:137 | update.js:137:14:137:35 | UPDATE. ... Table") |
| update.js:137:14:137:104 | update.js:137 | update.js:137:14:137:104 | UPDATE. ... ] }, }) |
| update.js:137:14:137:123 | update.js:137 | update.js:137:14:137:123 | UPDATE. ... ${"*"}` |
| update.js:138:14:138:35 | update.js:138 | update.js:138:14:138:35 | UPDATE. ... Table") |
| update.js:138:14:138:103 | update.js:138 | update.js:138:14:138:103 | UPDATE. ... }] } }) |
| update.js:138:14:138:123 | update.js:138 | update.js:138:14:138:123 | UPDATE. ... ", "*") |
| update.js:139:14:139:35 | update.js:139 | update.js:139:14:139:35 | UPDATE. ... Table") |
| update.js:139:14:139:104 | update.js:139 | update.js:139:14:139:104 | UPDATE. ... ] }, }) |
| update.js:139:14:139:124 | update.js:139 | update.js:139:14:139:124 | UPDATE. ... ${"*"}` |
| update.js:140:14:140:35 | update.js:140 | update.js:140:14:140:35 | UPDATE. ... Table") |
| update.js:140:14:140:103 | update.js:140 | update.js:140:14:140:103 | UPDATE. ... }] } }) |
| update.js:140:14:140:130 | update.js:140 | update.js:140:14:140:130 | UPDATE. ... , 10)") |
| update.js:141:14:141:35 | update.js:141 | update.js:141:14:141:35 | UPDATE. ... Table") |
| update.js:141:14:141:104 | update.js:141 | update.js:141:14:141:104 | UPDATE. ... ] }, }) |
| update.js:141:14:141:134 | update.js:141 | update.js:141:14:141:134 | UPDATE. ...  10)]}` |
| update.js:142:14:142:35 | update.js:142 | update.js:142:14:142:35 | UPDATE. ... Table") |
| update.js:142:14:142:103 | update.js:142 | update.js:142:14:142:103 | UPDATE. ... }] } }) |
| update.js:142:14:142:142 | update.js:142 | update.js:142:14:142:142 | UPDATE. ... 11 } }) |
| update.js:144:14:144:35 | update.js:144 | update.js:144:14:144:35 | UPDATE. ... Table") |
| update.js:144:14:144:55 | update.js:144 | update.js:144:14:144:55 | UPDATE. ... diff }) |
| update.js:144:14:144:76 | update.js:144 | update.js:144:14:144:76 | UPDATE. ...  "*" }) |
| update.js:145:14:145:35 | update.js:145 | update.js:145:14:145:35 | UPDATE. ... Table") |
| update.js:145:14:145:55 | update.js:145 | update.js:145:14:145:55 | UPDATE. ... diff }) |
| update.js:145:14:145:73 | update.js:145 | update.js:145:14:145:73 | UPDATE. ... 1='*'") |
| update.js:146:14:146:35 | update.js:146 | update.js:146:14:146:35 | UPDATE. ... Table") |
| update.js:146:14:146:55 | update.js:146 | update.js:146:14:146:55 | UPDATE. ... diff }) |
| update.js:146:14:146:74 | update.js:146 | update.js:146:14:146:74 | UPDATE. ... ${"*"}` |
| update.js:147:14:147:35 | update.js:147 | update.js:147:14:147:35 | UPDATE. ... Table") |
| update.js:147:14:147:55 | update.js:147 | update.js:147:14:147:55 | UPDATE. ... diff }) |
| update.js:147:14:147:75 | update.js:147 | update.js:147:14:147:75 | UPDATE. ... ", "*") |
| update.js:148:14:148:35 | update.js:148 | update.js:148:14:148:35 | UPDATE. ... Table") |
| update.js:148:14:148:55 | update.js:148 | update.js:148:14:148:55 | UPDATE. ... diff }) |
| update.js:148:14:148:75 | update.js:148 | update.js:148:14:148:75 | UPDATE. ... ${"*"}` |
| update.js:149:14:149:35 | update.js:149 | update.js:149:14:149:35 | UPDATE. ... Table") |
| update.js:149:14:149:55 | update.js:149 | update.js:149:14:149:55 | UPDATE. ... diff }) |
| update.js:149:14:149:82 | update.js:149 | update.js:149:14:149:82 | UPDATE. ... , 10)") |
| update.js:150:14:150:35 | update.js:150 | update.js:150:14:150:35 | UPDATE. ... Table") |
| update.js:150:14:150:55 | update.js:150 | update.js:150:14:150:55 | UPDATE. ... diff }) |
| update.js:150:14:150:85 | update.js:150 | update.js:150:14:150:85 | UPDATE. ...  10)]}` |
| update.js:151:14:151:35 | update.js:151 | update.js:151:14:151:35 | UPDATE. ... Table") |
| update.js:151:14:151:55 | update.js:151 | update.js:151:14:151:55 | UPDATE. ... diff }) |
| update.js:151:14:151:94 | update.js:151 | update.js:151:14:151:94 | UPDATE. ... 11 } }) |
| update.js:156:14:156:26 | update.js:156 | update.js:156:14:156:26 | UPDATE`Table` |
| update.js:156:14:156:54 | update.js:156 | update.js:156:14:156:54 | UPDATE` ... {diff}` |
| update.js:156:14:156:75 | update.js:156 | update.js:156:14:156:75 | UPDATE` ...  "*" }) |
| update.js:157:14:157:26 | update.js:157 | update.js:157:14:157:26 | UPDATE`Table` |
| update.js:157:14:157:54 | update.js:157 | update.js:157:14:157:54 | UPDATE` ... {diff}` |
| update.js:157:14:157:72 | update.js:157 | update.js:157:14:157:72 | UPDATE` ... 1='*'") |
| update.js:158:14:158:26 | update.js:158 | update.js:158:14:158:26 | UPDATE`Table` |
| update.js:158:14:158:54 | update.js:158 | update.js:158:14:158:54 | UPDATE` ... {diff}` |
| update.js:158:14:158:73 | update.js:158 | update.js:158:14:158:73 | UPDATE` ... ${"*"}` |
| update.js:159:14:159:26 | update.js:159 | update.js:159:14:159:26 | UPDATE`Table` |
| update.js:159:14:159:54 | update.js:159 | update.js:159:14:159:54 | UPDATE` ... {diff}` |
| update.js:159:14:159:74 | update.js:159 | update.js:159:14:159:74 | UPDATE` ... ", "*") |
| update.js:160:14:160:26 | update.js:160 | update.js:160:14:160:26 | UPDATE`Table` |
| update.js:160:14:160:54 | update.js:160 | update.js:160:14:160:54 | UPDATE` ... {diff}` |
| update.js:160:14:160:74 | update.js:160 | update.js:160:14:160:74 | UPDATE` ... ${"*"}` |
| update.js:161:14:161:26 | update.js:161 | update.js:161:14:161:26 | UPDATE`Table` |
| update.js:161:14:161:54 | update.js:161 | update.js:161:14:161:54 | UPDATE` ... {diff}` |
| update.js:161:14:161:81 | update.js:161 | update.js:161:14:161:81 | UPDATE` ... , 10)") |
| update.js:162:14:162:26 | update.js:162 | update.js:162:14:162:26 | UPDATE`Table` |
| update.js:162:14:162:54 | update.js:162 | update.js:162:14:162:54 | UPDATE` ... {diff}` |
| update.js:162:14:162:87 | update.js:162 | update.js:162:14:162:87 | UPDATE` ... 0), ]}` |
| update.js:163:14:163:26 | update.js:163 | update.js:163:14:163:26 | UPDATE`Table` |
| update.js:163:14:163:54 | update.js:163 | update.js:163:14:163:54 | UPDATE` ... {diff}` |
| update.js:163:14:163:94 | update.js:163 | update.js:163:14:163:94 | UPDATE` ... 1 }, }) |
| update.js:165:14:165:26 | update.js:165 | update.js:165:14:165:26 | UPDATE`Table` |
| update.js:165:14:165:95 | update.js:165 | update.js:165:14:165:95 | UPDATE` ... }] } }) |
| update.js:165:14:165:116 | update.js:165 | update.js:165:14:165:116 | UPDATE` ...  "*" }) |
| update.js:166:14:166:26 | update.js:166 | update.js:166:14:166:26 | UPDATE`Table` |
| update.js:166:14:166:95 | update.js:166 | update.js:166:14:166:95 | UPDATE` ... }] } }) |
| update.js:166:14:166:113 | update.js:166 | update.js:166:14:166:113 | UPDATE` ... 1='*'") |
| update.js:167:14:167:26 | update.js:167 | update.js:167:14:167:26 | UPDATE`Table` |
| update.js:167:14:167:96 | update.js:167 | update.js:167:14:167:96 | UPDATE` ... ] }, }) |
| update.js:167:14:167:115 | update.js:167 | update.js:167:14:167:115 | UPDATE` ... ${"*"}` |
| update.js:168:14:168:26 | update.js:168 | update.js:168:14:168:26 | UPDATE`Table` |
| update.js:168:14:168:95 | update.js:168 | update.js:168:14:168:95 | UPDATE` ... }] } }) |
| update.js:168:14:168:115 | update.js:168 | update.js:168:14:168:115 | UPDATE` ... ", "*") |
| update.js:169:14:169:26 | update.js:169 | update.js:169:14:169:26 | UPDATE`Table` |
| update.js:169:14:169:96 | update.js:169 | update.js:169:14:169:96 | UPDATE` ... ] }, }) |
| update.js:169:14:169:116 | update.js:169 | update.js:169:14:169:116 | UPDATE` ... ${"*"}` |
| update.js:170:14:170:26 | update.js:170 | update.js:170:14:170:26 | UPDATE`Table` |
| update.js:170:14:170:95 | update.js:170 | update.js:170:14:170:95 | UPDATE` ... }] } }) |
| update.js:170:14:170:122 | update.js:170 | update.js:170:14:170:122 | UPDATE` ... , 10)") |
| update.js:171:14:171:26 | update.js:171 | update.js:171:14:171:26 | UPDATE`Table` |
| update.js:171:14:171:96 | update.js:171 | update.js:171:14:171:96 | UPDATE` ... ] }, }) |
| update.js:171:14:171:126 | update.js:171 | update.js:171:14:171:126 | UPDATE` ...  10)]}` |
| update.js:172:14:172:26 | update.js:172 | update.js:172:14:172:26 | UPDATE`Table` |
| update.js:172:14:172:95 | update.js:172 | update.js:172:14:172:95 | UPDATE` ... }] } }) |
| update.js:172:14:172:134 | update.js:172 | update.js:172:14:172:134 | UPDATE` ... 11 } }) |
| update.js:174:14:174:26 | update.js:174 | update.js:174:14:174:26 | UPDATE`Table` |
| update.js:174:14:174:47 | update.js:174 | update.js:174:14:174:47 | UPDATE` ... diff }) |
| update.js:174:14:174:68 | update.js:174 | update.js:174:14:174:68 | UPDATE` ...  "*" }) |
| update.js:175:14:175:26 | update.js:175 | update.js:175:14:175:26 | UPDATE`Table` |
| update.js:175:14:175:47 | update.js:175 | update.js:175:14:175:47 | UPDATE` ... diff }) |
| update.js:175:14:175:65 | update.js:175 | update.js:175:14:175:65 | UPDATE` ... 1='*'") |
| update.js:176:14:176:26 | update.js:176 | update.js:176:14:176:26 | UPDATE`Table` |
| update.js:176:14:176:47 | update.js:176 | update.js:176:14:176:47 | UPDATE` ... diff }) |
| update.js:176:14:176:66 | update.js:176 | update.js:176:14:176:66 | UPDATE` ... ${"*"}` |
| update.js:177:14:177:26 | update.js:177 | update.js:177:14:177:26 | UPDATE`Table` |
| update.js:177:14:177:47 | update.js:177 | update.js:177:14:177:47 | UPDATE` ... diff }) |
| update.js:177:14:177:67 | update.js:177 | update.js:177:14:177:67 | UPDATE` ... ", "*") |
| update.js:178:14:178:26 | update.js:178 | update.js:178:14:178:26 | UPDATE`Table` |
| update.js:178:14:178:47 | update.js:178 | update.js:178:14:178:47 | UPDATE` ... diff }) |
| update.js:178:14:178:67 | update.js:178 | update.js:178:14:178:67 | UPDATE` ... ${"*"}` |
| update.js:179:14:179:26 | update.js:179 | update.js:179:14:179:26 | UPDATE`Table` |
| update.js:179:14:179:47 | update.js:179 | update.js:179:14:179:47 | UPDATE` ... diff }) |
| update.js:179:14:179:74 | update.js:179 | update.js:179:14:179:74 | UPDATE` ... , 10)") |
| update.js:180:14:180:26 | update.js:180 | update.js:180:14:180:26 | UPDATE`Table` |
| update.js:180:14:180:47 | update.js:180 | update.js:180:14:180:47 | UPDATE` ... diff }) |
| update.js:180:14:180:77 | update.js:180 | update.js:180:14:180:77 | UPDATE` ...  10)]}` |
| update.js:181:14:181:26 | update.js:181 | update.js:181:14:181:26 | UPDATE`Table` |
| update.js:181:14:181:47 | update.js:181 | update.js:181:14:181:47 | UPDATE` ... diff }) |
| update.js:181:14:181:86 | update.js:181 | update.js:181:14:181:86 | UPDATE` ... 11 } }) |
| update.js:184:14:184:33 | update.js:184 | update.js:184:14:184:33 | UPDATE.entity`Table` |
| update.js:184:14:184:61 | update.js:184 | update.js:184:14:184:61 | UPDATE. ... {diff}` |
| update.js:184:14:184:82 | update.js:184 | update.js:184:14:184:82 | UPDATE. ...  "*" }) |
| update.js:185:14:185:33 | update.js:185 | update.js:185:14:185:33 | UPDATE.entity`Table` |
| update.js:185:14:185:61 | update.js:185 | update.js:185:14:185:61 | UPDATE. ... {diff}` |
| update.js:185:14:185:79 | update.js:185 | update.js:185:14:185:79 | UPDATE. ... 1='*'") |
| update.js:186:14:186:33 | update.js:186 | update.js:186:14:186:33 | UPDATE.entity`Table` |
| update.js:186:14:186:61 | update.js:186 | update.js:186:14:186:61 | UPDATE. ... {diff}` |
| update.js:186:14:186:80 | update.js:186 | update.js:186:14:186:80 | UPDATE. ... ${"*"}` |
| update.js:187:14:187:33 | update.js:187 | update.js:187:14:187:33 | UPDATE.entity`Table` |
| update.js:187:14:187:61 | update.js:187 | update.js:187:14:187:61 | UPDATE. ... {diff}` |
| update.js:187:14:187:81 | update.js:187 | update.js:187:14:187:81 | UPDATE. ... ", "*") |
| update.js:188:14:188:33 | update.js:188 | update.js:188:14:188:33 | UPDATE.entity`Table` |
| update.js:188:14:188:61 | update.js:188 | update.js:188:14:188:61 | UPDATE. ... {diff}` |
| update.js:188:14:188:81 | update.js:188 | update.js:188:14:188:81 | UPDATE. ... ${"*"}` |
| update.js:189:14:189:33 | update.js:189 | update.js:189:14:189:33 | UPDATE.entity`Table` |
| update.js:189:14:189:61 | update.js:189 | update.js:189:14:189:61 | UPDATE. ... {diff}` |
| update.js:189:14:189:88 | update.js:189 | update.js:189:14:189:88 | UPDATE. ... , 10)") |
| update.js:190:14:190:33 | update.js:190 | update.js:190:14:190:33 | UPDATE.entity`Table` |
| update.js:190:14:190:61 | update.js:190 | update.js:190:14:190:61 | UPDATE. ... {diff}` |
| update.js:190:14:190:94 | update.js:190 | update.js:190:14:190:94 | UPDATE. ... 0), ]}` |
| update.js:191:14:191:33 | update.js:191 | update.js:191:14:191:33 | UPDATE.entity`Table` |
| update.js:191:14:191:61 | update.js:191 | update.js:191:14:191:61 | UPDATE. ... {diff}` |
| update.js:191:14:191:101 | update.js:191 | update.js:191:14:191:101 | UPDATE. ... 1 }, }) |
| update.js:193:14:193:33 | update.js:193 | update.js:193:14:193:33 | UPDATE.entity`Table` |
| update.js:193:14:193:102 | update.js:193 | update.js:193:14:193:102 | UPDATE. ... }] } }) |
| update.js:193:14:193:123 | update.js:193 | update.js:193:14:193:123 | UPDATE. ...  "*" }) |
| update.js:194:14:194:33 | update.js:194 | update.js:194:14:194:33 | UPDATE.entity`Table` |
| update.js:194:14:194:102 | update.js:194 | update.js:194:14:194:102 | UPDATE. ... }] } }) |
| update.js:194:14:194:120 | update.js:194 | update.js:194:14:194:120 | UPDATE. ... 1='*'") |
| update.js:195:14:195:33 | update.js:195 | update.js:195:14:195:33 | UPDATE.entity`Table` |
| update.js:195:14:195:103 | update.js:195 | update.js:195:14:195:103 | UPDATE. ... ] }, }) |
| update.js:195:14:195:122 | update.js:195 | update.js:195:14:195:122 | UPDATE. ... ${"*"}` |
| update.js:196:14:196:33 | update.js:196 | update.js:196:14:196:33 | UPDATE.entity`Table` |
| update.js:196:14:196:102 | update.js:196 | update.js:196:14:196:102 | UPDATE. ... }] } }) |
| update.js:196:14:196:122 | update.js:196 | update.js:196:14:196:122 | UPDATE. ... ", "*") |
| update.js:197:14:197:33 | update.js:197 | update.js:197:14:197:33 | UPDATE.entity`Table` |
| update.js:197:14:197:103 | update.js:197 | update.js:197:14:197:103 | UPDATE. ... ] }, }) |
| update.js:197:14:197:123 | update.js:197 | update.js:197:14:197:123 | UPDATE. ... ${"*"}` |
| update.js:198:14:198:33 | update.js:198 | update.js:198:14:198:33 | UPDATE.entity`Table` |
| update.js:198:14:198:102 | update.js:198 | update.js:198:14:198:102 | UPDATE. ... }] } }) |
| update.js:198:14:198:129 | update.js:198 | update.js:198:14:198:129 | UPDATE. ... , 10)") |
| update.js:199:14:199:33 | update.js:199 | update.js:199:14:199:33 | UPDATE.entity`Table` |
| update.js:199:14:199:103 | update.js:199 | update.js:199:14:199:103 | UPDATE. ... ] }, }) |
| update.js:199:14:199:133 | update.js:199 | update.js:199:14:199:133 | UPDATE. ...  10)]}` |
| update.js:200:14:200:33 | update.js:200 | update.js:200:14:200:33 | UPDATE.entity`Table` |
| update.js:200:14:200:102 | update.js:200 | update.js:200:14:200:102 | UPDATE. ... }] } }) |
| update.js:200:14:200:141 | update.js:200 | update.js:200:14:200:141 | UPDATE. ... 11 } }) |
| update.js:202:14:202:33 | update.js:202 | update.js:202:14:202:33 | UPDATE.entity`Table` |
| update.js:202:14:202:54 | update.js:202 | update.js:202:14:202:54 | UPDATE. ... diff }) |
| update.js:202:14:202:75 | update.js:202 | update.js:202:14:202:75 | UPDATE. ...  "*" }) |
| update.js:203:14:203:33 | update.js:203 | update.js:203:14:203:33 | UPDATE.entity`Table` |
| update.js:203:14:203:54 | update.js:203 | update.js:203:14:203:54 | UPDATE. ... diff }) |
| update.js:203:14:203:72 | update.js:203 | update.js:203:14:203:72 | UPDATE. ... 1='*'") |
| update.js:204:14:204:33 | update.js:204 | update.js:204:14:204:33 | UPDATE.entity`Table` |
| update.js:204:14:204:54 | update.js:204 | update.js:204:14:204:54 | UPDATE. ... diff }) |
| update.js:204:14:204:73 | update.js:204 | update.js:204:14:204:73 | UPDATE. ... ${"*"}` |
| update.js:205:14:205:33 | update.js:205 | update.js:205:14:205:33 | UPDATE.entity`Table` |
| update.js:205:14:205:54 | update.js:205 | update.js:205:14:205:54 | UPDATE. ... diff }) |
| update.js:205:14:205:74 | update.js:205 | update.js:205:14:205:74 | UPDATE. ... ", "*") |
| update.js:206:14:206:33 | update.js:206 | update.js:206:14:206:33 | UPDATE.entity`Table` |
| update.js:206:14:206:54 | update.js:206 | update.js:206:14:206:54 | UPDATE. ... diff }) |
| update.js:206:14:206:74 | update.js:206 | update.js:206:14:206:74 | UPDATE. ... ${"*"}` |
| update.js:207:14:207:33 | update.js:207 | update.js:207:14:207:33 | UPDATE.entity`Table` |
| update.js:207:14:207:54 | update.js:207 | update.js:207:14:207:54 | UPDATE. ... diff }) |
| update.js:207:14:207:81 | update.js:207 | update.js:207:14:207:81 | UPDATE. ... , 10)") |
| update.js:208:14:208:33 | update.js:208 | update.js:208:14:208:33 | UPDATE.entity`Table` |
| update.js:208:14:208:54 | update.js:208 | update.js:208:14:208:54 | UPDATE. ... diff }) |
| update.js:208:14:208:84 | update.js:208 | update.js:208:14:208:84 | UPDATE. ...  10)]}` |
| update.js:209:14:209:33 | update.js:209 | update.js:209:14:209:33 | UPDATE.entity`Table` |
| update.js:209:14:209:54 | update.js:209 | update.js:209:14:209:54 | UPDATE. ... diff }) |
| update.js:209:14:209:93 | update.js:209 | update.js:209:14:209:93 | UPDATE. ... 11 } }) |
| update.js:211:14:211:33 | update.js:211 | update.js:211:14:211:33 | UPDATE.entity(Table) |
| update.js:211:14:211:61 | update.js:211 | update.js:211:14:211:61 | UPDATE. ... {diff}` |
| update.js:211:14:211:82 | update.js:211 | update.js:211:14:211:82 | UPDATE. ...  "*" }) |
| update.js:212:14:212:33 | update.js:212 | update.js:212:14:212:33 | UPDATE.entity(Table) |
| update.js:212:14:212:61 | update.js:212 | update.js:212:14:212:61 | UPDATE. ... {diff}` |
| update.js:212:14:212:79 | update.js:212 | update.js:212:14:212:79 | UPDATE. ... 1='*'") |
| update.js:213:14:213:33 | update.js:213 | update.js:213:14:213:33 | UPDATE.entity(Table) |
| update.js:213:14:213:61 | update.js:213 | update.js:213:14:213:61 | UPDATE. ... {diff}` |
| update.js:213:14:213:80 | update.js:213 | update.js:213:14:213:80 | UPDATE. ... ${"*"}` |
| update.js:214:14:214:33 | update.js:214 | update.js:214:14:214:33 | UPDATE.entity(Table) |
| update.js:214:14:214:61 | update.js:214 | update.js:214:14:214:61 | UPDATE. ... {diff}` |
| update.js:214:14:214:81 | update.js:214 | update.js:214:14:214:81 | UPDATE. ... ", "*") |
| update.js:215:14:215:33 | update.js:215 | update.js:215:14:215:33 | UPDATE.entity(Table) |
| update.js:215:14:215:61 | update.js:215 | update.js:215:14:215:61 | UPDATE. ... {diff}` |
| update.js:215:14:215:81 | update.js:215 | update.js:215:14:215:81 | UPDATE. ... ${"*"}` |
| update.js:216:14:216:33 | update.js:216 | update.js:216:14:216:33 | UPDATE.entity(Table) |
| update.js:216:14:216:61 | update.js:216 | update.js:216:14:216:61 | UPDATE. ... {diff}` |
| update.js:216:14:216:88 | update.js:216 | update.js:216:14:216:88 | UPDATE. ... , 10)") |
| update.js:217:14:217:33 | update.js:217 | update.js:217:14:217:33 | UPDATE.entity(Table) |
| update.js:217:14:217:61 | update.js:217 | update.js:217:14:217:61 | UPDATE. ... {diff}` |
| update.js:217:14:217:94 | update.js:217 | update.js:217:14:217:94 | UPDATE. ... 0), ]}` |
| update.js:218:14:218:33 | update.js:218 | update.js:218:14:218:33 | UPDATE.entity(Table) |
| update.js:218:14:218:61 | update.js:218 | update.js:218:14:218:61 | UPDATE. ... {diff}` |
| update.js:218:14:218:101 | update.js:218 | update.js:218:14:218:101 | UPDATE. ... 1 }, }) |
| update.js:220:14:220:33 | update.js:220 | update.js:220:14:220:33 | UPDATE.entity(Table) |
| update.js:220:14:220:102 | update.js:220 | update.js:220:14:220:102 | UPDATE. ... }] } }) |
| update.js:220:14:220:123 | update.js:220 | update.js:220:14:220:123 | UPDATE. ...  "*" }) |
| update.js:221:14:221:33 | update.js:221 | update.js:221:14:221:33 | UPDATE.entity(Table) |
| update.js:221:14:221:102 | update.js:221 | update.js:221:14:221:102 | UPDATE. ... }] } }) |
| update.js:221:14:221:120 | update.js:221 | update.js:221:14:221:120 | UPDATE. ... 1='*'") |
| update.js:222:14:222:33 | update.js:222 | update.js:222:14:222:33 | UPDATE.entity(Table) |
| update.js:222:14:222:103 | update.js:222 | update.js:222:14:222:103 | UPDATE. ... ] }, }) |
| update.js:222:14:222:122 | update.js:222 | update.js:222:14:222:122 | UPDATE. ... ${"*"}` |
| update.js:223:14:223:33 | update.js:223 | update.js:223:14:223:33 | UPDATE.entity(Table) |
| update.js:223:14:223:102 | update.js:223 | update.js:223:14:223:102 | UPDATE. ... }] } }) |
| update.js:223:14:223:122 | update.js:223 | update.js:223:14:223:122 | UPDATE. ... ", "*") |
| update.js:224:14:224:33 | update.js:224 | update.js:224:14:224:33 | UPDATE.entity(Table) |
| update.js:224:14:224:103 | update.js:224 | update.js:224:14:224:103 | UPDATE. ... ] }, }) |
| update.js:224:14:224:123 | update.js:224 | update.js:224:14:224:123 | UPDATE. ... ${"*"}` |
| update.js:225:14:225:33 | update.js:225 | update.js:225:14:225:33 | UPDATE.entity(Table) |
| update.js:225:14:225:102 | update.js:225 | update.js:225:14:225:102 | UPDATE. ... }] } }) |
| update.js:225:14:225:129 | update.js:225 | update.js:225:14:225:129 | UPDATE. ... , 10)") |
| update.js:226:14:226:33 | update.js:226 | update.js:226:14:226:33 | UPDATE.entity(Table) |
| update.js:226:14:226:103 | update.js:226 | update.js:226:14:226:103 | UPDATE. ... ] }, }) |
| update.js:226:14:226:133 | update.js:226 | update.js:226:14:226:133 | UPDATE. ...  10)]}` |
| update.js:227:14:227:33 | update.js:227 | update.js:227:14:227:33 | UPDATE.entity(Table) |
| update.js:227:14:227:102 | update.js:227 | update.js:227:14:227:102 | UPDATE. ... }] } }) |
| update.js:227:14:227:141 | update.js:227 | update.js:227:14:227:141 | UPDATE. ... 11 } }) |
| update.js:229:14:229:33 | update.js:229 | update.js:229:14:229:33 | UPDATE.entity(Table) |
| update.js:229:14:229:54 | update.js:229 | update.js:229:14:229:54 | UPDATE. ... diff }) |
| update.js:229:14:229:75 | update.js:229 | update.js:229:14:229:75 | UPDATE. ...  "*" }) |
| update.js:230:14:230:33 | update.js:230 | update.js:230:14:230:33 | UPDATE.entity(Table) |
| update.js:230:14:230:54 | update.js:230 | update.js:230:14:230:54 | UPDATE. ... diff }) |
| update.js:230:14:230:72 | update.js:230 | update.js:230:14:230:72 | UPDATE. ... 1='*'") |
| update.js:231:14:231:33 | update.js:231 | update.js:231:14:231:33 | UPDATE.entity(Table) |
| update.js:231:14:231:54 | update.js:231 | update.js:231:14:231:54 | UPDATE. ... diff }) |
| update.js:231:14:231:73 | update.js:231 | update.js:231:14:231:73 | UPDATE. ... ${"*"}` |
| update.js:232:14:232:33 | update.js:232 | update.js:232:14:232:33 | UPDATE.entity(Table) |
| update.js:232:14:232:54 | update.js:232 | update.js:232:14:232:54 | UPDATE. ... diff }) |
| update.js:232:14:232:74 | update.js:232 | update.js:232:14:232:74 | UPDATE. ... ", "*") |
| update.js:233:14:233:33 | update.js:233 | update.js:233:14:233:33 | UPDATE.entity(Table) |
| update.js:233:14:233:54 | update.js:233 | update.js:233:14:233:54 | UPDATE. ... diff }) |
| update.js:233:14:233:74 | update.js:233 | update.js:233:14:233:74 | UPDATE. ... ${"*"}` |
| update.js:234:14:234:33 | update.js:234 | update.js:234:14:234:33 | UPDATE.entity(Table) |
| update.js:234:14:234:54 | update.js:234 | update.js:234:14:234:54 | UPDATE. ... diff }) |
| update.js:234:14:234:81 | update.js:234 | update.js:234:14:234:81 | UPDATE. ... , 10)") |
| update.js:235:14:235:33 | update.js:235 | update.js:235:14:235:33 | UPDATE.entity(Table) |
| update.js:235:14:235:54 | update.js:235 | update.js:235:14:235:54 | UPDATE. ... diff }) |
| update.js:235:14:235:84 | update.js:235 | update.js:235:14:235:84 | UPDATE. ...  10)]}` |
| update.js:236:14:236:33 | update.js:236 | update.js:236:14:236:33 | UPDATE.entity(Table) |
| update.js:236:14:236:54 | update.js:236 | update.js:236:14:236:54 | UPDATE. ... diff }) |
| update.js:236:14:236:93 | update.js:236 | update.js:236:14:236:93 | UPDATE. ... 11 } }) |
| update.js:238:14:238:35 | update.js:238 | update.js:238:14:238:35 | UPDATE. ... Table") |
| update.js:238:14:238:63 | update.js:238 | update.js:238:14:238:63 | UPDATE. ... {diff}` |
| update.js:238:14:238:84 | update.js:238 | update.js:238:14:238:84 | UPDATE. ...  "*" }) |
| update.js:239:14:239:35 | update.js:239 | update.js:239:14:239:35 | UPDATE. ... Table") |
| update.js:239:14:239:63 | update.js:239 | update.js:239:14:239:63 | UPDATE. ... {diff}` |
| update.js:239:14:239:81 | update.js:239 | update.js:239:14:239:81 | UPDATE. ... 1='*'") |
| update.js:240:14:240:35 | update.js:240 | update.js:240:14:240:35 | UPDATE. ... Table") |
| update.js:240:14:240:63 | update.js:240 | update.js:240:14:240:63 | UPDATE. ... {diff}` |
| update.js:240:14:240:82 | update.js:240 | update.js:240:14:240:82 | UPDATE. ... ${"*"}` |
| update.js:241:14:241:35 | update.js:241 | update.js:241:14:241:35 | UPDATE. ... Table") |
| update.js:241:14:241:63 | update.js:241 | update.js:241:14:241:63 | UPDATE. ... {diff}` |
| update.js:241:14:241:83 | update.js:241 | update.js:241:14:241:83 | UPDATE. ... ", "*") |
| update.js:242:14:242:35 | update.js:242 | update.js:242:14:242:35 | UPDATE. ... Table") |
| update.js:242:14:242:63 | update.js:242 | update.js:242:14:242:63 | UPDATE. ... {diff}` |
| update.js:242:14:242:83 | update.js:242 | update.js:242:14:242:83 | UPDATE. ... ${"*"}` |
| update.js:243:14:243:35 | update.js:243 | update.js:243:14:243:35 | UPDATE. ... Table") |
| update.js:243:14:243:63 | update.js:243 | update.js:243:14:243:63 | UPDATE. ... {diff}` |
| update.js:243:14:243:90 | update.js:243 | update.js:243:14:243:90 | UPDATE. ... , 10)") |
| update.js:244:14:244:35 | update.js:244 | update.js:244:14:244:35 | UPDATE. ... Table") |
| update.js:244:14:244:63 | update.js:244 | update.js:244:14:244:63 | UPDATE. ... {diff}` |
| update.js:244:14:244:96 | update.js:244 | update.js:244:14:244:96 | UPDATE. ... 0), ]}` |
| update.js:245:14:245:35 | update.js:245 | update.js:245:14:245:35 | UPDATE. ... Table") |
| update.js:245:14:245:63 | update.js:245 | update.js:245:14:245:63 | UPDATE. ... {diff}` |
| update.js:245:14:245:103 | update.js:245 | update.js:245:14:245:103 | UPDATE. ... 1 }, }) |
| update.js:247:14:247:35 | update.js:247 | update.js:247:14:247:35 | UPDATE. ... Table") |
| update.js:247:14:247:104 | update.js:247 | update.js:247:14:247:104 | UPDATE. ... }] } }) |
| update.js:247:14:247:125 | update.js:247 | update.js:247:14:247:125 | UPDATE. ...  "*" }) |
| update.js:248:14:248:35 | update.js:248 | update.js:248:14:248:35 | UPDATE. ... Table") |
| update.js:248:14:248:104 | update.js:248 | update.js:248:14:248:104 | UPDATE. ... }] } }) |
| update.js:248:14:248:122 | update.js:248 | update.js:248:14:248:122 | UPDATE. ... 1='*'") |
| update.js:249:14:249:35 | update.js:249 | update.js:249:14:249:35 | UPDATE. ... Table") |
| update.js:249:14:249:105 | update.js:249 | update.js:249:14:249:105 | UPDATE. ... ] }, }) |
| update.js:249:14:249:124 | update.js:249 | update.js:249:14:249:124 | UPDATE. ... ${"*"}` |
| update.js:250:14:250:35 | update.js:250 | update.js:250:14:250:35 | UPDATE. ... Table") |
| update.js:250:14:250:104 | update.js:250 | update.js:250:14:250:104 | UPDATE. ... }] } }) |
| update.js:250:14:250:124 | update.js:250 | update.js:250:14:250:124 | UPDATE. ... ", "*") |
| update.js:251:14:251:35 | update.js:251 | update.js:251:14:251:35 | UPDATE. ... Table") |
| update.js:251:14:251:105 | update.js:251 | update.js:251:14:251:105 | UPDATE. ... ] }, }) |
| update.js:251:14:251:125 | update.js:251 | update.js:251:14:251:125 | UPDATE. ... ${"*"}` |
| update.js:252:14:252:35 | update.js:252 | update.js:252:14:252:35 | UPDATE. ... Table") |
| update.js:252:14:252:104 | update.js:252 | update.js:252:14:252:104 | UPDATE. ... }] } }) |
| update.js:252:14:252:131 | update.js:252 | update.js:252:14:252:131 | UPDATE. ... , 10)") |
| update.js:253:14:253:35 | update.js:253 | update.js:253:14:253:35 | UPDATE. ... Table") |
| update.js:253:14:253:105 | update.js:253 | update.js:253:14:253:105 | UPDATE. ... ] }, }) |
| update.js:253:14:253:135 | update.js:253 | update.js:253:14:253:135 | UPDATE. ...  10)]}` |
| update.js:254:14:254:35 | update.js:254 | update.js:254:14:254:35 | UPDATE. ... Table") |
| update.js:254:14:254:104 | update.js:254 | update.js:254:14:254:104 | UPDATE. ... }] } }) |
| update.js:254:14:254:143 | update.js:254 | update.js:254:14:254:143 | UPDATE. ... 11 } }) |
| update.js:256:14:256:35 | update.js:256 | update.js:256:14:256:35 | UPDATE. ... Table") |
| update.js:256:14:256:56 | update.js:256 | update.js:256:14:256:56 | UPDATE. ... diff }) |
| update.js:256:14:256:77 | update.js:256 | update.js:256:14:256:77 | UPDATE. ...  "*" }) |
| update.js:257:14:257:35 | update.js:257 | update.js:257:14:257:35 | UPDATE. ... Table") |
| update.js:257:14:257:56 | update.js:257 | update.js:257:14:257:56 | UPDATE. ... diff }) |
| update.js:257:14:257:74 | update.js:257 | update.js:257:14:257:74 | UPDATE. ... 1='*'") |
| update.js:258:14:258:35 | update.js:258 | update.js:258:14:258:35 | UPDATE. ... Table") |
| update.js:258:14:258:56 | update.js:258 | update.js:258:14:258:56 | UPDATE. ... diff }) |
| update.js:258:14:258:75 | update.js:258 | update.js:258:14:258:75 | UPDATE. ... ${"*"}` |
| update.js:259:14:259:35 | update.js:259 | update.js:259:14:259:35 | UPDATE. ... Table") |
| update.js:259:14:259:56 | update.js:259 | update.js:259:14:259:56 | UPDATE. ... diff }) |
| update.js:259:14:259:76 | update.js:259 | update.js:259:14:259:76 | UPDATE. ... ", "*") |
| update.js:260:14:260:35 | update.js:260 | update.js:260:14:260:35 | UPDATE. ... Table") |
| update.js:260:14:260:56 | update.js:260 | update.js:260:14:260:56 | UPDATE. ... diff }) |
| update.js:260:14:260:76 | update.js:260 | update.js:260:14:260:76 | UPDATE. ... ${"*"}` |
| update.js:261:14:261:35 | update.js:261 | update.js:261:14:261:35 | UPDATE. ... Table") |
| update.js:261:14:261:56 | update.js:261 | update.js:261:14:261:56 | UPDATE. ... diff }) |
| update.js:261:14:261:83 | update.js:261 | update.js:261:14:261:83 | UPDATE. ... , 10)") |
| update.js:262:14:262:35 | update.js:262 | update.js:262:14:262:35 | UPDATE. ... Table") |
| update.js:262:14:262:56 | update.js:262 | update.js:262:14:262:56 | UPDATE. ... diff }) |
| update.js:262:14:262:86 | update.js:262 | update.js:262:14:262:86 | UPDATE. ...  10)]}` |
| update.js:263:14:263:35 | update.js:263 | update.js:263:14:263:35 | UPDATE. ... Table") |
| update.js:263:14:263:56 | update.js:263 | update.js:263:14:263:56 | UPDATE. ... diff }) |
| update.js:263:14:263:95 | update.js:263 | update.js:263:14:263:95 | UPDATE. ... 11 } }) |
