| server.js:7:32:7:34 | req |
| server.js:11:32:11:34 | req |
| srv/service1.js:6:29:6:31 | req |
| srv/service1.js:12:29:12:31 | req |
| srv/service1.js:18:29:18:31 | req |
| srv/service1.js:24:29:24:31 | req |
| srv/service1.js:40:29:40:31 | req |
| srv/service1.js:46:29:46:31 | req |
| srv/service1.js:52:29:52:31 | req |
| srv/service1.js:58:29:58:31 | req |
| srv/service1.js:64:29:64:31 | req |
| srv/service2.js:4:27:4:29 | msg |
| srv/service3.js:5:29:5:31 | req |
| srv/service3.js:11:29:11:31 | req |
| srv/service3.js:17:29:17:31 | req |
| srv/service3.js:23:29:23:31 | req |
| srv/service3.js:39:29:39:31 | req |
| srv/service3.js:45:29:45:31 | req |
| srv/service3.js:51:29:51:31 | req |
| srv/service3.js:57:29:57:31 | req |
| srv/service3.js:63:29:63:31 | req |
