| server.js:7:32:7:34 | req |
| server.js:11:32:11:34 | req |
| srv/service1.js:6:30:6:32 | req |
| srv/service1.js:12:30:12:32 | req |
| srv/service1.js:19:30:19:32 | req |
| srv/service1.js:25:30:25:32 | req |
| srv/service1.js:31:30:31:32 | req |
| srv/service1.js:37:30:37:32 | req |
| srv/service1.js:44:29:44:31 | req |
| srv/service1.js:60:30:60:32 | req |
| srv/service1.js:66:30:66:32 | req |
| srv/service1.js:72:30:72:32 | req |
| srv/service1.js:78:30:78:32 | req |
| srv/service1.js:84:29:84:31 | req |
| srv/service1.js:90:29:90:31 | req |
| srv/service1.js:96:29:96:31 | req |
| srv/service1.js:102:30:102:32 | req |
| srv/service1.js:110:21:110:27 | request |
| srv/service1.js:114:23:114:29 | request |
| srv/service1.js:118:24:118:30 | request |
| srv/service1.js:122:19:122:25 | request |
| srv/service1.js:126:29:126:35 | request |
| srv/service2.js:4:27:4:29 | msg |
| srv/service3.js:5:30:5:32 | req |
| srv/service3.js:11:30:11:32 | req |
| srv/service3.js:18:30:18:32 | req |
| srv/service3.js:24:30:24:32 | req |
| srv/service3.js:30:30:30:32 | req |
| srv/service3.js:36:30:36:32 | req |
| srv/service3.js:43:29:43:31 | req |
| srv/service3.js:59:30:59:32 | req |
| srv/service3.js:65:30:65:32 | req |
| srv/service3.js:71:30:71:32 | req |
| srv/service3.js:77:30:77:32 | req |
| srv/service3.js:83:29:83:31 | req |
| srv/service3.js:89:29:89:31 | req |
| srv/service3.js:95:29:95:31 | req |
| srv/service3.js:101:30:101:32 | req |
| srv/service3.js:111:21:111:27 | request |
| srv/service3.js:115:23:115:29 | request |
| srv/service3.js:119:24:119:30 | request |
| srv/service3.js:123:19:123:25 | request |
| srv/service3.js:127:29:127:35 | request |
