| srv/service1.js:6:29:6:31 | req |
| srv/service2.js:5:27:5:29 | msg |
| srv/service3nocds.js:6:43:6:45 | req |
| srv/service3nocds.js:7:34:7:36 | req |
| srv/service3nocds.js:11:28:11:30 | req |
| srv/service3nocds.js:12:26:12:28 | req |
| srv/service3nocds.js:19:34:19:36 | req |
| srv/service3nocds.js:23:33:23:35 | req |
