edges
| XSJSReflectedXss.xsjs:3:34:3:50 | requestParameters | XSJSReflectedXss.xsjs:4:20:4:36 | requestParameters | provenance |  |
| XSJSReflectedXss.xsjs:4:20:4:36 | requestParameters | XSJSReflectedXss.xsjs:4:10:4:47 | "<div>" ... </div>" | provenance |  |
| XSJSReflectedXss.xsjs:11:7:11:25 | someParameterValue1 | XSJSReflectedXss.xsjs:13:46:13:64 | someParameterValue1 | provenance |  |
| XSJSReflectedXss.xsjs:11:29:11:67 | request ... eter1") | XSJSReflectedXss.xsjs:11:7:11:25 | someParameterValue1 | provenance |  |
| XSJSReflectedXss.xsjs:13:46:13:64 | someParameterValue1 | XSJSReflectedXss.xsjs:3:34:3:50 | requestParameters | provenance |  |
| XSJSReflectedXss.xsjs:13:46:13:64 | someParameterValue1 | XSJSReflectedXss.xsjs:13:22:13:65 | request ... Value1) | provenance |  |
nodes
| XSJSReflectedXss.xsjs:3:34:3:50 | requestParameters | semmle.label | requestParameters |
| XSJSReflectedXss.xsjs:4:10:4:47 | "<div>" ... </div>" | semmle.label | "<div>" ... </div>" |
| XSJSReflectedXss.xsjs:4:20:4:36 | requestParameters | semmle.label | requestParameters |
| XSJSReflectedXss.xsjs:11:7:11:25 | someParameterValue1 | semmle.label | someParameterValue1 |
| XSJSReflectedXss.xsjs:11:29:11:67 | request ... eter1") | semmle.label | request ... eter1") |
| XSJSReflectedXss.xsjs:13:22:13:65 | request ... Value1) | semmle.label | request ... Value1) |
| XSJSReflectedXss.xsjs:13:46:13:64 | someParameterValue1 | semmle.label | someParameterValue1 |
subpaths
| XSJSReflectedXss.xsjs:13:46:13:64 | someParameterValue1 | XSJSReflectedXss.xsjs:3:34:3:50 | requestParameters | XSJSReflectedXss.xsjs:4:10:4:47 | "<div>" ... </div>" | XSJSReflectedXss.xsjs:13:22:13:65 | request ... Value1) |
#select
| XSJSReflectedXss.xsjs:13:22:13:65 | request ... Value1) | XSJSReflectedXss.xsjs:11:29:11:67 | request ... eter1") | XSJSReflectedXss.xsjs:13:22:13:65 | request ... Value1) | Reflected XSS vulnerability due to $@. | XSJSReflectedXss.xsjs:11:29:11:67 | request ... eter1") | user-provided value |
