nodes
| loginjection.js:7:33:7:35 | req |
| loginjection.js:7:33:7:35 | req |
| loginjection.js:8:11:8:25 | {book,quantity} |
| loginjection.js:8:11:8:36 | book |
| loginjection.js:8:12:8:15 | book |
| loginjection.js:8:29:8:31 | req |
| loginjection.js:8:29:8:36 | req.data |
| loginjection.js:11:14:11:26 | "test" + book |
| loginjection.js:11:14:11:26 | "test" + book |
| loginjection.js:11:23:11:26 | book |
edges
| loginjection.js:7:33:7:35 | req | loginjection.js:8:29:8:31 | req |
| loginjection.js:7:33:7:35 | req | loginjection.js:8:29:8:31 | req |
| loginjection.js:8:11:8:25 | {book,quantity} | loginjection.js:8:12:8:15 | book |
| loginjection.js:8:11:8:36 | book | loginjection.js:11:23:11:26 | book |
| loginjection.js:8:12:8:15 | book | loginjection.js:8:11:8:36 | book |
| loginjection.js:8:29:8:31 | req | loginjection.js:8:29:8:36 | req.data |
| loginjection.js:8:29:8:36 | req.data | loginjection.js:8:11:8:25 | {book,quantity} |
| loginjection.js:11:23:11:26 | book | loginjection.js:11:14:11:26 | "test" + book |
| loginjection.js:11:23:11:26 | book | loginjection.js:11:14:11:26 | "test" + book |
#select
| loginjection.js:11:14:11:26 | "test" + book | loginjection.js:7:33:7:35 | req | loginjection.js:11:14:11:26 | "test" + book | Log entry depends on a $@. | loginjection.js:7:33:7:35 | req | user-provided value |
