| package.json:16:17:16:23 | {\\n      ...       } | Non-production authentication strategy $@ is used. | package.json:16:17:16:23 | {\\n      ...       } | basic |
| package.json:17:18:32:9 | {\\n      ...       } | Current authentication strategy contains $@. | package.json:17:18:32:9 | {\\n      ...       } | credentials of mocked users |
