| utils.js:5:21:5:30 | "%E0%A4%A" | "%E0%A4%A": additional flow step |
| utils.js:7:31:7:40 | "%E0%A4%A" | "%E0%A4%A": additional flow step |
| utils.js:9:18:9:27 | "%E0%A4%A" | "%E0%A4%A": additional flow step |
| utils.js:13:17:13:21 | 'app' | 'app': additional flow step |
| utils.js:15:19:15:32 | 'package.json' | 'package.json': additional flow step |
| utils.js:17:22:17:35 | 'package.json' | 'package.json': controlled path sink |
| utils.js:19:26:19:39 | 'package.json' | 'package.json': controlled path sink |
| utils.js:21:20:21:33 | 'package.json' | 'package.json': controlled path sink |
| utils.js:23:20:23:33 | 'package.json' | 'package.json': controlled path sink |
| utils.js:25:14:25:22 | 'db/data' | 'db/data': controlled data sink |
| utils.js:25:28:25:41 | 'dist/db/data' | 'dist/db/data': controlled path sink |
| utils.js:26:14:26:22 | 'db/data' | 'db/data': controlled path sink |
| utils.js:26:25:26:38 | 'dist/db/data' | 'dist/db/data': controlled data sink |
| utils.js:28:12:28:20 | 'db/data' | 'db/data': accessed path sink |
| utils.js:28:26:28:39 | 'dist/db/data' | 'dist/db/data': controlled path sink |
| utils.js:29:12:29:20 | 'db/data' | 'db/data': accessed path sink |
| utils.js:29:23:29:36 | 'dist/db/data' | 'dist/db/data': controlled path sink |
| utils.js:31:13:31:26 | { foo: 'bar' } | { foo: 'bar' }: controlled data sink |
| utils.js:31:32:31:47 | 'some/file.json' | 'some/file.json': controlled path sink |
| utils.js:32:13:32:28 | 'some/file.json' | 'some/file.json': controlled path sink |
| utils.js:32:31:32:44 | { foo: 'bar' } | { foo: 'bar' }: controlled data sink |
| utils.js:34:14:34:19 | 'dist' | 'dist': controlled path sink |
| utils.js:34:22:34:25 | 'db' | 'db': controlled path sink |
| utils.js:34:28:34:33 | 'data' | 'data': controlled path sink |
| utils.js:35:14:35:27 | 'dist/db/data' | 'dist/db/data': controlled path sink |
| utils.js:37:13:37:18 | 'dist' | 'dist': controlled path sink |
| utils.js:37:21:37:24 | 'db' | 'db': controlled path sink |
| utils.js:37:27:37:32 | 'data' | 'data': controlled path sink |
| utils.js:38:13:38:26 | 'dist/db/data' | 'dist/db/data': controlled path sink |
| utils.js:40:14:40:19 | 'dist' | 'dist': controlled path sink |
| utils.js:40:22:40:25 | 'db' | 'db': controlled path sink |
| utils.js:40:28:40:33 | 'data' | 'data': controlled path sink |
| utils.js:41:14:41:27 | 'dist/db/data' | 'dist/db/data': controlled path sink |
| utils.js:43:10:43:15 | 'dist' | 'dist': controlled path sink |
| utils.js:43:18:43:21 | 'db' | 'db': controlled path sink |
| utils.js:43:24:43:29 | 'data' | 'data': controlled path sink |
| utils.js:44:10:44:23 | 'dist/db/data' | 'dist/db/data': controlled path sink |
| utils.js:52:20:52:28 | 'db/data' | 'db/data': controlled data sink |
