| sink.js:53:54:53:58 | code1 | code1 |
| sink.js:55:56:55:60 | code1 | code1 |
| sink.js:57:36:57:40 | code0 | code0 |
| sink.js:59:42:59:46 | code0 | code0 |
| sink.js:61:46:61:50 | code0 | code0 |
| sink.js:65:39:65:43 | code0 | code0 |
| sink.js:67:38:67:42 | code0 | code0 |
| sink.js:69:33:69:37 | code0 | code0 |
| sink.js:71:37:71:41 | code0 | code0 |
| sink.js:73:36:73:40 | code0 | code0 |
| sink.js:73:43:73:47 | code1 | code1 |
| sink.js:75:37:75:41 | code0 | code0 |
| sink.js:75:44:75:48 | code1 | code1 |
| sink.js:77:40:77:44 | code0 | code0 |
| sink.js:77:47:77:51 | code1 | code1 |
| sink.js:79:40:79:44 | code0 | code0 |
| sink.js:79:47:79:51 | code1 | code1 |
| sink.js:94:28:94:32 | code0 | code0 |
| sink.js:96:49:96:53 | code1 | code1 |
| sink.js:98:28:98:32 | code0 | code0 |
