| sink.js:39:54:39:58 | code1 | code1 |
| sink.js:41:56:41:60 | code1 | code1 |
| sink.js:43:36:43:40 | code0 | code0 |
| sink.js:45:42:45:46 | code0 | code0 |
| sink.js:47:46:47:50 | code0 | code0 |
| sink.js:51:39:51:43 | code0 | code0 |
| sink.js:53:38:53:42 | code0 | code0 |
| sink.js:55:33:55:37 | code0 | code0 |
| sink.js:57:37:57:41 | code0 | code0 |
| sink.js:59:36:59:40 | code0 | code0 |
| sink.js:59:43:59:47 | code1 | code1 |
| sink.js:61:37:61:41 | code0 | code0 |
| sink.js:61:44:61:48 | code1 | code1 |
| sink.js:63:40:63:44 | code0 | code0 |
| sink.js:63:47:63:51 | code1 | code1 |
| sink.js:65:40:65:44 | code0 | code0 |
| sink.js:65:47:65:51 | code1 | code1 |
| sink.js:74:28:74:32 | code0 | code0 |
| sink.js:76:49:76:53 | code1 | code1 |
| sink.js:78:28:78:32 | code0 | code0 |
