nodes
| LogInjectionTest.js:13:9:13:36 | q |
| LogInjectionTest.js:13:13:13:36 | url.par ... , true) |
| LogInjectionTest.js:13:23:13:29 | req.url |
| LogInjectionTest.js:13:23:13:29 | req.url |
| LogInjectionTest.js:14:9:14:32 | value |
| LogInjectionTest.js:14:17:14:17 | q |
| LogInjectionTest.js:14:17:14:23 | q.query |
| LogInjectionTest.js:14:17:14:32 | q.query.username |
| LogInjectionTest.js:15:18:15:40 | `[INFO] ... value}` |
| LogInjectionTest.js:15:18:15:40 | `[INFO] ... value}` |
| LogInjectionTest.js:15:34:15:38 | value |
| LogInjectionTest.js:21:9:21:36 | q |
| LogInjectionTest.js:21:13:21:36 | url.par ... , true) |
| LogInjectionTest.js:21:23:21:29 | req.url |
| LogInjectionTest.js:21:23:21:29 | req.url |
| LogInjectionTest.js:22:9:22:32 | value |
| LogInjectionTest.js:22:17:22:17 | q |
| LogInjectionTest.js:22:17:22:23 | q.query |
| LogInjectionTest.js:22:17:22:32 | q.query.username |
| LogInjectionTest.js:23:9:23:44 | value1 |
| LogInjectionTest.js:23:18:23:44 | jQuery. ... (value) |
| LogInjectionTest.js:23:39:23:43 | value |
| LogInjectionTest.js:24:18:24:41 | `[INFO] ... alue1}` |
| LogInjectionTest.js:24:18:24:41 | `[INFO] ... alue1}` |
| LogInjectionTest.js:24:34:24:39 | value1 |
edges
| LogInjectionTest.js:13:9:13:36 | q | LogInjectionTest.js:14:17:14:17 | q |
| LogInjectionTest.js:13:13:13:36 | url.par ... , true) | LogInjectionTest.js:13:9:13:36 | q |
| LogInjectionTest.js:13:23:13:29 | req.url | LogInjectionTest.js:13:13:13:36 | url.par ... , true) |
| LogInjectionTest.js:13:23:13:29 | req.url | LogInjectionTest.js:13:13:13:36 | url.par ... , true) |
| LogInjectionTest.js:14:9:14:32 | value | LogInjectionTest.js:15:34:15:38 | value |
| LogInjectionTest.js:14:17:14:17 | q | LogInjectionTest.js:14:17:14:23 | q.query |
| LogInjectionTest.js:14:17:14:23 | q.query | LogInjectionTest.js:14:17:14:32 | q.query.username |
| LogInjectionTest.js:14:17:14:32 | q.query.username | LogInjectionTest.js:14:9:14:32 | value |
| LogInjectionTest.js:15:34:15:38 | value | LogInjectionTest.js:15:18:15:40 | `[INFO] ... value}` |
| LogInjectionTest.js:15:34:15:38 | value | LogInjectionTest.js:15:18:15:40 | `[INFO] ... value}` |
| LogInjectionTest.js:21:9:21:36 | q | LogInjectionTest.js:22:17:22:17 | q |
| LogInjectionTest.js:21:13:21:36 | url.par ... , true) | LogInjectionTest.js:21:9:21:36 | q |
| LogInjectionTest.js:21:23:21:29 | req.url | LogInjectionTest.js:21:13:21:36 | url.par ... , true) |
| LogInjectionTest.js:21:23:21:29 | req.url | LogInjectionTest.js:21:13:21:36 | url.par ... , true) |
| LogInjectionTest.js:22:9:22:32 | value | LogInjectionTest.js:23:39:23:43 | value |
| LogInjectionTest.js:22:17:22:17 | q | LogInjectionTest.js:22:17:22:23 | q.query |
| LogInjectionTest.js:22:17:22:23 | q.query | LogInjectionTest.js:22:17:22:32 | q.query.username |
| LogInjectionTest.js:22:17:22:32 | q.query.username | LogInjectionTest.js:22:9:22:32 | value |
| LogInjectionTest.js:23:9:23:44 | value1 | LogInjectionTest.js:24:34:24:39 | value1 |
| LogInjectionTest.js:23:18:23:44 | jQuery. ... (value) | LogInjectionTest.js:23:9:23:44 | value1 |
| LogInjectionTest.js:23:39:23:43 | value | LogInjectionTest.js:23:18:23:44 | jQuery. ... (value) |
| LogInjectionTest.js:24:34:24:39 | value1 | LogInjectionTest.js:24:18:24:41 | `[INFO] ... alue1}` |
| LogInjectionTest.js:24:34:24:39 | value1 | LogInjectionTest.js:24:18:24:41 | `[INFO] ... alue1}` |
#select
| LogInjectionTest.js:15:18:15:40 | `[INFO] ... value}` | LogInjectionTest.js:13:23:13:29 | req.url | LogInjectionTest.js:15:18:15:40 | `[INFO] ... value}` | Log entry depends on a $@. | LogInjectionTest.js:13:23:13:29 | req.url | user-provided value |
| LogInjectionTest.js:24:18:24:41 | `[INFO] ... alue1}` | LogInjectionTest.js:21:23:21:29 | req.url | LogInjectionTest.js:24:18:24:41 | `[INFO] ... alue1}` | Log entry depends on a $@. | LogInjectionTest.js:21:23:21:29 | req.url | user-provided value |
