nodes
| XssTest.js:3:9:3:50 | value |
| XssTest.js:3:17:3:50 | jQuery. ... param") |
| XssTest.js:4:20:4:24 | value |
| XssTest.js:5:27:5:31 | value |
| XssTest.js:10:9:10:40 | value |
| XssTest.js:10:17:10:40 | documen ... .search |
| XssTest.js:11:20:11:24 | value |
| XssTest.js:12:27:12:31 | value |
| XssTest.js:17:9:17:40 | value |
| XssTest.js:17:17:17:40 | documen ... .search |
| XssTest.js:18:9:18:44 | value1 |
| XssTest.js:18:18:18:44 | jQuery. ... (value) |
| XssTest.js:18:39:18:43 | value |
| XssTest.js:19:20:19:25 | value1 |
| XssTest.js:20:27:20:32 | value1 |
edges
| XssTest.js:3:9:3:50 | value | XssTest.js:4:20:4:24 | value |
| XssTest.js:3:9:3:50 | value | XssTest.js:5:27:5:31 | value |
| XssTest.js:3:17:3:50 | jQuery. ... param") | XssTest.js:3:9:3:50 | value |
| XssTest.js:10:9:10:40 | value | XssTest.js:11:20:11:24 | value |
| XssTest.js:10:9:10:40 | value | XssTest.js:12:27:12:31 | value |
| XssTest.js:10:17:10:40 | documen ... .search | XssTest.js:10:9:10:40 | value |
| XssTest.js:17:9:17:40 | value | XssTest.js:18:39:18:43 | value |
| XssTest.js:17:17:17:40 | documen ... .search | XssTest.js:17:9:17:40 | value |
| XssTest.js:18:9:18:44 | value1 | XssTest.js:19:20:19:25 | value1 |
| XssTest.js:18:9:18:44 | value1 | XssTest.js:20:27:20:32 | value1 |
| XssTest.js:18:18:18:44 | jQuery. ... (value) | XssTest.js:18:9:18:44 | value1 |
| XssTest.js:18:39:18:43 | value | XssTest.js:18:18:18:44 | jQuery. ... (value) |
#select
| XssTest.js:4:20:4:24 | value | XssTest.js:3:17:3:50 | jQuery. ... param") | XssTest.js:4:20:4:24 | value | XSS vulnerability due to $@. | XssTest.js:3:17:3:50 | jQuery. ... param") | user-provided value |
| XssTest.js:5:27:5:31 | value | XssTest.js:3:17:3:50 | jQuery. ... param") | XssTest.js:5:27:5:31 | value | XSS vulnerability due to $@. | XssTest.js:3:17:3:50 | jQuery. ... param") | user-provided value |
| XssTest.js:12:27:12:31 | value | XssTest.js:10:17:10:40 | documen ... .search | XssTest.js:12:27:12:31 | value | XSS vulnerability due to $@. | XssTest.js:10:17:10:40 | documen ... .search | user-provided value |
| XssTest.js:20:27:20:32 | value1 | XssTest.js:17:17:17:40 | documen ... .search | XssTest.js:20:27:20:32 | value1 | XSS vulnerability due to $@. | XssTest.js:17:17:17:40 | documen ... .search | user-provided value |
