| srv/service1.cds.json:3:17:7:5 | {\\n      ... "\\n    } | This CDS definition is exposed without any authentication. |
| srv/service1.cds.json:8:32:26:5 | {\\n      ... }\\n    } | This CDS definition is exposed without any authentication. |
| srv/service1.cds.json:27:23:37:5 | {\\n      ... }\\n    } | This CDS definition is exposed without any authentication. |
| srv/service2.cds.json:3:17:7:5 | {\\n      ... "\\n    } | This CDS definition is exposed without any authentication. |
| srv/service2.cds.json:8:32:26:5 | {\\n      ... }\\n    } | This CDS definition is exposed without any authentication. |
| srv/service2.cds.json:27:23:37:5 | {\\n      ... }\\n    } | This CDS definition is exposed without any authentication. |
