nodes
| webapp/controller/app.controller.js:8:11:8:21 | input: null |
| webapp/controller/app.controller.js:14:13:14:48 | input |
| webapp/controller/app.controller.js:14:21:14:48 | oModel. ... input") |
| webapp/controller/app.controller.js:15:30:15:34 | input |
| webapp/utils/CustomLogListener.js:9:29:9:34 | oEvent |
| webapp/utils/CustomLogListener.js:13:19:13:24 | oEvent |
| webapp/utils/CustomLogListener.js:13:19:13:32 | oEvent.message |
| webapp/utils/LogEntriesToHttp.js:7:13:7:52 | message |
| webapp/utils/LogEntriesToHttp.js:7:23:7:41 | Log.getLogEntries() |
| webapp/utils/LogEntriesToHttp.js:7:23:7:44 | Log.get ... es()[0] |
| webapp/utils/LogEntriesToHttp.js:7:23:7:52 | Log.get ... message |
| webapp/utils/LogEntriesToHttp.js:11:19:11:25 | message |
| webapp/view/app.view.xml:5:5:7:28 | value={/input} |
| webapp/view/app.view.xml:8:5:8:37 | content={/output} |
edges
| webapp/controller/app.controller.js:8:11:8:21 | input: null | webapp/controller/app.controller.js:14:21:14:48 | oModel. ... input") |
| webapp/controller/app.controller.js:8:11:8:21 | input: null | webapp/view/app.view.xml:5:5:7:28 | value={/input} |
| webapp/controller/app.controller.js:9:11:9:22 | output: null | webapp/view/app.view.xml:8:5:8:37 | content={/output} |
| webapp/controller/app.controller.js:11:22:11:41 | new JSONModel(oData) | webapp/view/app.view.xml:8:5:8:37 | content={/output} |
| webapp/controller/app.controller.js:14:13:14:48 | input | webapp/controller/app.controller.js:15:30:15:34 | input |
| webapp/controller/app.controller.js:14:21:14:48 | oModel. ... input") | webapp/controller/app.controller.js:14:13:14:48 | input |
| webapp/controller/app.controller.js:15:30:15:34 | input | webapp/utils/CustomLogListener.js:9:29:9:34 | oEvent |
| webapp/controller/app.controller.js:15:30:15:34 | input | webapp/utils/LogEntriesToHttp.js:7:23:7:41 | Log.getLogEntries() |
| webapp/utils/CustomLogListener.js:9:29:9:34 | oEvent | webapp/utils/CustomLogListener.js:13:19:13:24 | oEvent |
| webapp/utils/CustomLogListener.js:13:19:13:24 | oEvent | webapp/utils/CustomLogListener.js:13:19:13:32 | oEvent.message |
| webapp/utils/LogEntriesToHttp.js:7:13:7:52 | message | webapp/utils/LogEntriesToHttp.js:11:19:11:25 | message |
| webapp/utils/LogEntriesToHttp.js:7:23:7:41 | Log.getLogEntries() | webapp/utils/LogEntriesToHttp.js:7:23:7:44 | Log.get ... es()[0] |
| webapp/utils/LogEntriesToHttp.js:7:23:7:44 | Log.get ... es()[0] | webapp/utils/LogEntriesToHttp.js:7:23:7:52 | Log.get ... message |
| webapp/utils/LogEntriesToHttp.js:7:23:7:52 | Log.get ... message | webapp/utils/LogEntriesToHttp.js:7:13:7:52 | message |
| webapp/view/app.view.xml:5:5:7:28 | value={/input} | webapp/controller/app.controller.js:8:11:8:21 | input: null |
| webapp/view/app.view.xml:5:5:7:28 | value={/input} | webapp/controller/app.controller.js:11:22:11:41 | new JSONModel(oData) |
| webapp/view/app.view.xml:8:5:8:37 | content={/output} | webapp/controller/app.controller.js:9:11:9:22 | output: null |
#select
| webapp/utils/CustomLogListener.js:13:19:13:32 | oEvent.message | webapp/view/app.view.xml:5:5:7:28 | value={/input} | webapp/utils/CustomLogListener.js:13:19:13:32 | oEvent.message | Outbound network request depends on $@ log data. | webapp/view/app.view.xml:5:5:7:28 | value={/input} | user-provided |
| webapp/utils/LogEntriesToHttp.js:11:19:11:25 | message | webapp/view/app.view.xml:5:5:7:28 | value={/input} | webapp/utils/LogEntriesToHttp.js:11:19:11:25 | message | Outbound network request depends on $@ log data. | webapp/view/app.view.xml:5:5:7:28 | value={/input} | user-provided |
