nodes
| webapp/controller/app.controller.js:8:11:8:21 | input: null |
| webapp/controller/app.controller.js:14:13:14:48 | input |
| webapp/controller/app.controller.js:14:21:14:48 | oModel. ... input") |
| webapp/controller/app.controller.js:15:30:15:34 | input |
| webapp/view/app.view.xml:5:5:7:28 | value={/input} |
| webapp/view/app.view.xml:8:5:8:37 | content={/output} |
edges
| webapp/controller/app.controller.js:8:11:8:21 | input: null | webapp/controller/app.controller.js:14:21:14:48 | oModel. ... input") |
| webapp/controller/app.controller.js:8:11:8:21 | input: null | webapp/view/app.view.xml:5:5:7:28 | value={/input} |
| webapp/controller/app.controller.js:9:11:9:22 | output: null | webapp/view/app.view.xml:8:5:8:37 | content={/output} |
| webapp/controller/app.controller.js:11:22:11:41 | new JSONModel(oData) | webapp/view/app.view.xml:8:5:8:37 | content={/output} |
| webapp/controller/app.controller.js:14:13:14:48 | input | webapp/controller/app.controller.js:15:30:15:34 | input |
| webapp/controller/app.controller.js:14:21:14:48 | oModel. ... input") | webapp/controller/app.controller.js:14:13:14:48 | input |
| webapp/view/app.view.xml:5:5:7:28 | value={/input} | webapp/controller/app.controller.js:8:11:8:21 | input: null |
| webapp/view/app.view.xml:5:5:7:28 | value={/input} | webapp/controller/app.controller.js:11:22:11:41 | new JSONModel(oData) |
| webapp/view/app.view.xml:8:5:8:37 | content={/output} | webapp/controller/app.controller.js:9:11:9:22 | output: null |
#select
| webapp/utils/CustomLogListener.js:9:29:9:34 | oEvent | webapp/view/app.view.xml:5:5:7:28 | value={/input} | webapp/controller/app.controller.js:15:30:15:34 | input | Accessed log entries depend on $@. | webapp/view/app.view.xml:5:5:7:28 | value={/input} | user-provided data |
| webapp/utils/LogEntriesToHttp.js:7:23:7:41 | Log.getLogEntries() | webapp/view/app.view.xml:5:5:7:28 | value={/input} | webapp/controller/app.controller.js:15:30:15:34 | input | Accessed log entries depend on $@. | webapp/view/app.view.xml:5:5:7:28 | value={/input} | user-provided data |
